Component: Arm Compiler for Embedded 6.21 Tool: armlink [5ec1fa00]

==============================================================================

Section Cross References

    chassis_task.o(.text.StartChassisTask) refers to chassis_task.o(.bss.chassis) for chassis
    chassis_task.o(.text.StartChassisTask) refers to chassis_task.o(.data..L_MergedGlobals) for .L_MergedGlobals
    chassis_task.o(.text.StartChassisTask) refers to pid.o(.text.PID_init) for PID_init
    chassis_task.o(.text.StartChassisTask) refers to chassis_task.o(.bss..L_MergedGlobals.1) for .L_MergedGlobals.1
    chassis_task.o(.text.StartChassisTask) refers to pid.o(.text.PID_calc) for PID_calc
    chassis_task.o(.text.StartChassisTask) refers to motor.o(.text.CAN_cmd_chassis) for CAN_cmd_chassis
    chassis_task.o(.text.StartChassisTask) refers to cmsis_os2.o(.text.osDelay) for osDelay
    chassis_task.o(.text.StartChassisTask) refers to remote.o(.text.get_remote_control_point) for get_remote_control_point
    chassis_task.o(.text.StartChassisTask) refers to rt_memcpy_v6.o(.text) for __aeabi_memcpy
    chassis_task.o(.text.StartChassisTask) refers to chassis_task.o(.text.ChassisCommandUpdate) for ChassisCommandUpdate
    chassis_task.o(.text.StartChassisTask) refers to motor.o(.text.ChassisMotorMeasureUpdate) for ChassisMotorMeasureUpdate
    chassis_task.o(.ARM.exidx.text.StartChassisTask) refers to chassis_task.o(.text.StartChassisTask) for [Anonymous Symbol]
    chassis_task.o(.text.ChassisStateMachineUpdate) refers to chassis_task.o(.bss..L_MergedGlobals.1) for .L_MergedGlobals.1
    chassis_task.o(.text.ChassisStateMachineUpdate) refers to chassis_task.o(.bss.chassis) for chassis
    chassis_task.o(.ARM.exidx.text.ChassisStateMachineUpdate) refers to chassis_task.o(.text.ChassisStateMachineUpdate) for [Anonymous Symbol]
    chassis_task.o(.text.ChassisCommandUpdate) refers to ins_task.o(.bss..L_MergedGlobals.1) for INS_angle
    chassis_task.o(.text.ChassisCommandUpdate) refers to chassis_task.o(.bss..L_MergedGlobals.1) for .L_MergedGlobals.1
    chassis_task.o(.text.ChassisCommandUpdate) refers to chassis_task.o(.bss.chassis) for chassis
    chassis_task.o(.text.ChassisCommandUpdate) refers to f2d.o(x$fpl$f2d) for __aeabi_f2d
    chassis_task.o(.text.ChassisCommandUpdate) refers to dmul.o(x$fpl$dmul) for __aeabi_dmul
    chassis_task.o(.text.ChassisCommandUpdate) refers to daddsub_clz.o(x$fpl$dsub) for __aeabi_dsub
    chassis_task.o(.text.ChassisCommandUpdate) refers to d2f.o(x$fpl$d2f) for __aeabi_d2f
    chassis_task.o(.text.ChassisCommandUpdate) refers to daddsub_clz.o(x$fpl$dadd) for __aeabi_dadd
    chassis_task.o(.text.ChassisCommandUpdate) refers to cos.o(i.__hardfp_cos) for __hardfp_cos
    chassis_task.o(.text.ChassisCommandUpdate) refers to sin.o(i.__hardfp_sin) for __hardfp_sin
    chassis_task.o(.text.ChassisCommandUpdate) refers to ddiv.o(x$fpl$ddiv) for __aeabi_ddiv
    chassis_task.o(.ARM.exidx.text.ChassisCommandUpdate) refers to chassis_task.o(.text.ChassisCommandUpdate) for [Anonymous Symbol]
    chassis_task.o(.text.ChassisOutputUpdate) refers to chassis_task.o(.bss.chassis) for chassis
    chassis_task.o(.text.ChassisOutputUpdate) refers to pid.o(.text.PID_calc) for PID_calc
    chassis_task.o(.text.ChassisOutputUpdate) refers to motor.o(.text.CAN_cmd_chassis) for CAN_cmd_chassis
    chassis_task.o(.ARM.exidx.text.ChassisOutputUpdate) refers to chassis_task.o(.text.ChassisOutputUpdate) for [Anonymous Symbol]
    chassis_task.o(.ARM.exidx.text.loop_fp32_constrain) refers to chassis_task.o(.text.loop_fp32_constrain) for [Anonymous Symbol]
    ins_task.o(.text.StartINSTask) refers to cmsis_os2.o(.text.osDelay) for osDelay
    ins_task.o(.text.StartINSTask) refers to bmi088driver.o(.text.BMI088_init) for BMI088_init
    ins_task.o(.text.StartINSTask) refers to ins_task.o(.bss..L_MergedGlobals.1) for .L_MergedGlobals.1
    ins_task.o(.text.StartINSTask) refers to bmi088driver.o(.text.BMI088_read) for BMI088_read
    ins_task.o(.text.StartINSTask) refers to ins_task.o(.bss.imu_temp_pid) for imu_temp_pid
    ins_task.o(.text.StartINSTask) refers to ins_task.o(.rodata.imu_temp_PID) for imu_temp_PID
    ins_task.o(.text.StartINSTask) refers to pid.o(.text.PID_init) for PID_init
    ins_task.o(.text.StartINSTask) refers to spi.o(.bss.hspi1) for hspi1
    ins_task.o(.text.StartINSTask) refers to stm32f4xx_hal_spi.o(.text.HAL_SPI_Init) for HAL_SPI_Init
    ins_task.o(.text.StartINSTask) refers to main.o(.text.Error_Handler) for Error_Handler
    ins_task.o(.text.StartINSTask) refers to ins_task.o(.data..L_MergedGlobals) for .L_MergedGlobals
    ins_task.o(.text.StartINSTask) refers to bsp_spi.o(.text.SPI1_DMA_init) for SPI1_DMA_init
    ins_task.o(.text.StartINSTask) refers to mahonyahrs.o(.text.MahonyAHRSupdate) for MahonyAHRSupdate
    ins_task.o(.text.StartINSTask) refers to atan2f.o(i.__hardfp_atan2f) for __hardfp_atan2f
    ins_task.o(.text.StartINSTask) refers to asinf.o(i.__hardfp_asinf) for __hardfp_asinf
[...]
    __aeabi_memclr8                          0x0800041f   Thumb Code     0  rt_memclr_w.o(.text)
    __rt_memclr_w                            0x0800041f   Thumb Code     0  rt_memclr_w.o(.text)
    _memset_w                                0x08000423   Thumb Code    74  rt_memclr_w.o(.text)
    __use_two_region_memory                  0x0800046d   Thumb Code     2  heapauxi.o(.text)
    __rt_heap_escrow$2region                 0x0800046f   Thumb Code     2  heapauxi.o(.text)
    __rt_heap_expand$2region                 0x08000471   Thumb Code     2  heapauxi.o(.text)
    __read_errno                             0x08000473   Thumb Code    10  _rserrno.o(.text)
    __set_errno                              0x0800047d   Thumb Code    12  _rserrno.o(.text)
    __aeabi_memcpy4                          0x08000489   Thumb Code     0  rt_memcpy_w.o(.text)
    __aeabi_memcpy8                          0x08000489   Thumb Code     0  rt_memcpy_w.o(.text)
    __rt_memcpy_w                            0x08000489   Thumb Code   100  rt_memcpy_w.o(.text)
    _memcpy_lastbytes_aligned                0x080004d1   Thumb Code     0  rt_memcpy_w.o(.text)
    __aeabi_errno_addr                       0x080004ed   Thumb Code     8  rt_errno_addr_intlibspace.o(.text)
    __errno$intlibspace                      0x080004ed   Thumb Code     0  rt_errno_addr_intlibspace.o(.text)
    __rt_errno_addr$intlibspace              0x080004ed   Thumb Code     0  rt_errno_addr_intlibspace.o(.text)
    __user_libspace                          0x080004f5   Thumb Code     8  libspace.o(.text)
    __user_perproc_libspace                  0x080004f5   Thumb Code     0  libspace.o(.text)
    __user_perthread_libspace                0x080004f5   Thumb Code     0  libspace.o(.text)
    __user_setup_stackheap                   0x080004fd   Thumb Code    74  sys_stackheap_outer.o(.text)
    exit                                     0x08000547   Thumb Code    18  exit.o(.text)
    _sys_exit                                0x08000559   Thumb Code     8  sys_exit.o(.text)
    __I$use$semihosting                      0x08000565   Thumb Code     0  use_no_semi.o(.text)
    __use_no_semihosting_swi                 0x08000565   Thumb Code     2  use_no_semi.o(.text)
    __semihosting_library_function           0x08000567   Thumb Code     0  indicate_semi.o(.text)
    BMI088_ACCEL_NS_H                        0x08000569   Thumb Code    14  bmi088middleware.o(.text.BMI088_ACCEL_NS_H)
    BMI088_ACCEL_NS_L                        0x08000579   Thumb Code    14  bmi088middleware.o(.text.BMI088_ACCEL_NS_L)
    BMI088_GPIO_init                         0x08000589   Thumb Code     2  bmi088middleware.o(.text.BMI088_GPIO_init)
    BMI088_GYRO_NS_H                         0x0800058d   Thumb Code    16  bmi088middleware.o(.text.BMI088_GYRO_NS_H)
    BMI088_GYRO_NS_L                         0x0800059d   Thumb Code    16  bmi088middleware.o(.text.BMI088_GYRO_NS_L)
    BMI088_accel_read_over                   0x080005ad   Thumb Code   112  bmi088driver.o(.text.BMI088_accel_read_over)
    BMI088_com_init                          0x08000621   Thumb Code     2  bmi088middleware.o(.text.BMI088_com_init)
    BMI088_delay_ms                          0x08000625   Thumb Code     4  bmi088middleware.o(.text.BMI088_delay_ms)
    BMI088_delay_us                          0x08000629   Thumb Code     4  bmi088middleware.o(.text.BMI088_delay_us)
    BMI088_gyro_read_over                    0x0800062d   Thumb Code   124  bmi088driver.o(.text.BMI088_gyro_read_over)
    BMI088_init                              0x080006b1   Thumb Code    48  bmi088driver.o(.text.BMI088_init)
    BMI088_read                              0x080006e1   Thumb Code   414  bmi088driver.o(.text.BMI088_read)
    BMI088_read_write_byte                   0x08000881   Thumb Code    46  bmi088middleware.o(.text.BMI088_read_write_byte)
    BMI088_temperature_read_over             0x080008b1   Thumb Code    60  bmi088driver.o(.text.BMI088_temperature_read_over)
    BusFault_Handler                         0x080008ed   Thumb Code     2  stm32f4xx_it.o(.text.BusFault_Handler)
    CAN1_RX0_IRQHandler                      0x080008f1   Thumb Code    12  stm32f4xx_it.o(.text.CAN1_RX0_IRQHandler)
    CAN2_RX0_IRQHandler                      0x080008fd   Thumb Code    12  stm32f4xx_it.o(.text.CAN2_RX0_IRQHandler)
    CAN_cmd_chassis                          0x08000909   Thumb Code    96  motor.o(.text.CAN_cmd_chassis)
    ChassisCommandUpdate                     0x08000969   Thumb Code   816  chassis_task.o(.text.ChassisCommandUpdate)
    ChassisMotorMeasureUpdate                0x08000cc1   Thumb Code    34  motor.o(.text.ChassisMotorMeasureUpdate)
    DMA1_Stream1_IRQHandler                  0x08000ce5   Thumb Code    12  stm32f4xx_it.o(.text.DMA1_Stream1_IRQHandler)
    DMA2_Stream0_IRQHandler                  0x08000cf1   Thumb Code  1344  ins_task.o(.text.DMA2_Stream0_IRQHandler)
    DMA2_Stream3_IRQHandler                  0x08001239   Thumb Code    12  stm32f4xx_it.o(.text.DMA2_Stream3_IRQHandler)
    DebugMon_Handler                         0x08001245   Thumb Code     2  stm32f4xx_it.o(.text.DebugMon_Handler)
    EXTI4_IRQHandler                         0x08001249   Thumb Code     6  stm32f4xx_it.o(.text.EXTI4_IRQHandler)
    EXTI9_5_IRQHandler                       0x08001251   Thumb Code     6  stm32f4xx_it.o(.text.EXTI9_5_IRQHandler)
    Error_Handler                            0x08001259   Thumb Code    10  main.o(.text.Error_Handler)
    HAL_CAN_ActivateNotification             0x08001265   Thumb Code    46  stm32f4xx_hal_can.o(.text.HAL_CAN_ActivateNotification)
    HAL_CAN_AddTxMessage                     0x08001295   Thumb Code   192  stm32f4xx_hal_can.o(.text.HAL_CAN_AddTxMessage)
    HAL_CAN_ConfigFilter                     0x08001355   Thumb Code   222  stm32f4xx_hal_can.o(.text.HAL_CAN_ConfigFilter)
    HAL_CAN_ErrorCallback                    0x08001435   Thumb Code     2  stm32f4xx_hal_can.o(.text.HAL_CAN_ErrorCallback)
    HAL_CAN_GetRxMessage                     0x08001439   Thumb Code   282  stm32f4xx_hal_can.o(.text.HAL_CAN_GetRxMessage)
    HAL_CAN_IRQHandler                       0x08001555   Thumb Code   606  stm32f4xx_hal_can.o(.text.HAL_CAN_IRQHandler)
    HAL_CAN_Init                             0x080017b5   Thumb Code   244  stm32f4xx_hal_can.o(.text.HAL_CAN_Init)
    HAL_CAN_MspInit                          0x080018a9   Thumb Code   286  can.o(.text.HAL_CAN_MspInit)
    HAL_CAN_RxFifo0FullCallback              0x080019c9   Thumb Code     2  stm32f4xx_hal_can.o(.text.HAL_CAN_RxFifo0FullCallback)
    HAL_CAN_RxFifo0MsgPendingCallback        0x080019cd   Thumb Code    94  motor.o(.text.HAL_CAN_RxFifo0MsgPendingCallback)
    HAL_CAN_RxFifo1FullCallback              0x08001a2d   Thumb Code     2  stm32f4xx_hal_can.o(.text.HAL_CAN_RxFifo1FullCallback)
    HAL_CAN_RxFifo1MsgPendingCallback        0x08001a31   Thumb Code     2  stm32f4xx_hal_can.o(.text.HAL_CAN_RxFifo1MsgPendingCallback)
    HAL_CAN_SleepCallback                    0x08001a35   Thumb Code     2  stm32f4xx_hal_can.o(.text.HAL_CAN_SleepCallback)
    HAL_CAN_Start                            0x08001a39   Thumb Code    90  stm32f4xx_hal_can.o(.text.HAL_CAN_Start)
    HAL_CAN_TxMailbox0AbortCallback          0x08001a95   Thumb Code     2  stm32f4xx_hal_can.o(.text.HAL_CAN_TxMailbox0AbortCallback)
    HAL_CAN_TxMailbox0CompleteCallback       0x08001a99   Thumb Code     2  stm32f4xx_hal_can.o(.text.HAL_CAN_TxMailbox0CompleteCallback)
    HAL_CAN_TxMailbox1AbortCallback          0x08001a9d   Thumb Code     2  stm32f4xx_hal_can.o(.text.HAL_CAN_TxMailbox1AbortCallback)
    HAL_CAN_TxMailbox1CompleteCallback       0x08001aa1   Thumb Code     2  stm32f4xx_hal_can.o(.text.HAL_CAN_TxMailbox1CompleteCallback)
    HAL_CAN_TxMailbox2AbortCallback          0x08001aa5   Thumb Code     2  stm32f4xx_hal_can.o(.text.HAL_CAN_TxMailbox2AbortCallback)
    HAL_CAN_TxMailbox2CompleteCallback       0x08001aa9   Thumb Code     2  stm32f4xx_hal_can.o(.text.HAL_CAN_TxMailbox2CompleteCallback)
    HAL_CAN_WakeUpFromRxMsgCallback          0x08001aad   Thumb Code     2  stm32f4xx_hal_can.o(.text.HAL_CAN_WakeUpFromRxMsgCallback)
    HAL_DMA_IRQHandler                       0x08001ab1   Thumb Code   448  stm32f4xx_hal_dma.o(.text.HAL_DMA_IRQHandler)
    HAL_DMA_Init                             0x08001c71   Thumb Code   354  stm32f4xx_hal_dma.o(.text.HAL_DMA_Init)
    HAL_Delay                                0x08001dd5   Thumb Code    40  stm32f4xx_hal.o(.text.HAL_Delay)
    HAL_GPIO_EXTI_Callback                   0x08001dfd   Thumb Code    64  ins_task.o(.text.HAL_GPIO_EXTI_Callback)
    HAL_GPIO_EXTI_IRQHandler                 0x08001e3d   Thumb Code    22  stm32f4xx_hal_gpio.o(.text.HAL_GPIO_EXTI_IRQHandler)
    HAL_GPIO_Init                            0x08001e55   Thumb Code   414  stm32f4xx_hal_gpio.o(.text.HAL_GPIO_Init)
    HAL_GPIO_WritePin                        0x08001ff5   Thumb Code    10  stm32f4xx_hal_gpio.o(.text.HAL_GPIO_WritePin)
    HAL_GetTick                              0x08002001   Thumb Code    12  stm32f4xx_hal.o(.text.HAL_GetTick)
    HAL_I2C_Init                             0x0800200d   Thumb Code   356  stm32f4xx_hal_i2c.o(.text.HAL_I2C_Init)
    HAL_I2C_MspInit                          0x08002171   Thumb Code   180  i2c.o(.text.HAL_I2C_MspInit)
    HAL_IncTick                              0x08002225   Thumb Code    26  stm32f4xx_hal.o(.text.HAL_IncTick)
    HAL_Init                                 0x08002241   Thumb Code    54  stm32f4xx_hal.o(.text.HAL_Init)
    HAL_InitTick                             0x08002279   Thumb Code   188  stm32f4xx_hal_timebase_tim.o(.text.HAL_InitTick)
    HAL_MspInit                              0x08002335   Thumb Code    66  stm32f4xx_hal_msp.o(.text.HAL_MspInit)
    HAL_NVIC_EnableIRQ                       0x08002379   Thumb Code    34  stm32f4xx_hal_cortex.o(.text.HAL_NVIC_EnableIRQ)
    HAL_NVIC_SetPriority                     0x0800239d   Thumb Code    86  stm32f4xx_hal_cortex.o(.text.HAL_NVIC_SetPriority)
    HAL_NVIC_SetPriorityGrouping             0x080023f5   Thumb Code    32  stm32f4xx_hal_cortex.o(.text.HAL_NVIC_SetPriorityGrouping)
    HAL_RCC_ClockConfig                      0x08002415   Thumb Code   356  stm32f4xx_hal_rcc.o(.text.HAL_RCC_ClockConfig)
    HAL_RCC_GetClockConfig                   0x08002579   Thumb Code    62  stm32f4xx_hal_rcc.o(.text.HAL_RCC_GetClockConfig)
    HAL_RCC_GetPCLK1Freq                     0x080025b9   Thumb Code    38  stm32f4xx_hal_rcc.o(.text.HAL_RCC_GetPCLK1Freq)
    HAL_RCC_GetPCLK2Freq                     0x080025e1   Thumb Code    38  stm32f4xx_hal_rcc.o(.text.HAL_RCC_GetPCLK2Freq)
    HAL_RCC_GetSysClockFreq                  0x08002609   Thumb Code   106  stm32f4xx_hal_rcc.o(.text.HAL_RCC_GetSysClockFreq)
    HAL_RCC_OscConfig                        0x08002675   Thumb Code   944  stm32f4xx_hal_rcc.o(.text.HAL_RCC_OscConfig)
    HAL_SPI_Init                             0x08002a25   Thumb Code   180  stm32f4xx_hal_spi.o(.text.HAL_SPI_Init)
    HAL_SPI_MspInit                          0x08002ad9   Thumb Code   296  spi.o(.text.HAL_SPI_MspInit)
    HAL_SPI_TransmitReceive                  0x08002c01   Thumb Code   788  stm32f4xx_hal_spi.o(.text.HAL_SPI_TransmitReceive)
    HAL_TIMEx_BreakCallback                  0x08002f15   Thumb Code     2  stm32f4xx_hal_tim_ex.o(.text.HAL_TIMEx_BreakCallback)
    HAL_TIMEx_CommutCallback                 0x08002f19   Thumb Code     2  stm32f4xx_hal_tim_ex.o(.text.HAL_TIMEx_CommutCallback)
    HAL_TIMEx_MasterConfigSynchronization    0x08002f1d   Thumb Code   186  stm32f4xx_hal_tim_ex.o(.text.HAL_TIMEx_MasterConfigSynchronization)
    HAL_TIM_Base_Init                        0x08002fd9   Thumb Code    90  stm32f4xx_hal_tim.o(.text.HAL_TIM_Base_Init)
    HAL_TIM_Base_MspInit                     0x08003035   Thumb Code   118  tim.o(.text.HAL_TIM_Base_MspInit)
    HAL_TIM_Base_Start_IT                    0x080030ad   Thumb Code   170  stm32f4xx_hal_tim.o(.text.HAL_TIM_Base_Start_IT)
    HAL_TIM_ConfigClockSource                0x08003159   Thumb Code   416  stm32f4xx_hal_tim.o(.text.HAL_TIM_ConfigClockSource)
    HAL_TIM_IC_CaptureCallback               0x080032f9   Thumb Code     2  stm32f4xx_hal_tim.o(.text.HAL_TIM_IC_CaptureCallback)
    HAL_TIM_IRQHandler                       0x080032fd   Thumb Code   368  stm32f4xx_hal_tim.o(.text.HAL_TIM_IRQHandler)
    HAL_TIM_OC_DelayElapsedCallback          0x0800346d   Thumb Code     2  stm32f4xx_hal_tim.o(.text.HAL_TIM_OC_DelayElapsedCallback)
    HAL_TIM_PWM_ConfigChannel                0x08003471   Thumb Code   548  stm32f4xx_hal_tim.o(.text.HAL_TIM_PWM_ConfigChannel)
    HAL_TIM_PWM_Init                         0x08003695   Thumb Code    90  stm32f4xx_hal_tim.o(.text.HAL_TIM_PWM_Init)
    HAL_TIM_PWM_MspInit                      0x080036f1   Thumb Code     2  stm32f4xx_hal_tim.o(.text.HAL_TIM_PWM_MspInit)
    HAL_TIM_PWM_PulseFinishedCallback        0x080036f5   Thumb Code     2  stm32f4xx_hal_tim.o(.text.HAL_TIM_PWM_PulseFinishedCallback)
    HAL_TIM_PWM_Start                        0x080036f9   Thumb Code   286  stm32f4xx_hal_tim.o(.text.HAL_TIM_PWM_Start)
    HAL_TIM_PeriodElapsedCallback            0x08003819   Thumb Code    20  main.o(.text.HAL_TIM_PeriodElapsedCallback)
    HAL_TIM_TriggerCallback                  0x0800382d   Thumb Code     2  stm32f4xx_hal_tim.o(.text.HAL_TIM_TriggerCallback)
    HAL_UART_Init                            0x08003831   Thumb Code    94  stm32f4xx_hal_uart.o(.text.HAL_UART_Init)
    HAL_UART_MspInit                         0x08003891   Thumb Code   188  usart.o(.text.HAL_UART_MspInit)
    HardFault_Handler                        0x0800394d   Thumb Code     2  stm32f4xx_it.o(.text.HardFault_Handler)
    MX_CAN1_Init                             0x08003951   Thumb Code    70  can.o(.text.MX_CAN1_Init)
    MX_CAN2_Init                             0x08003999   Thumb Code    70  can.o(.text.MX_CAN2_Init)
    MX_DMA_Init                              0x080039e1   Thumb Code   108  dma.o(.text.MX_DMA_Init)
    MX_FREERTOS_Init                         0x08003a4d   Thumb Code    84  freertos.o(.text.MX_FREERTOS_Init)
    MX_GPIO_Init                             0x08003aa1   Thumb Code   344  gpio.o(.text.MX_GPIO_Init)
    MX_I2C3_Init                             0x08003bf9   Thumb Code    66  i2c.o(.text.MX_I2C3_Init)
    MX_SPI1_Init                             0x08003c3d   Thumb Code    82  spi.o(.text.MX_SPI1_Init)
    MX_TIM10_Init                            0x08003c91   Thumb Code   190  tim.o(.text.MX_TIM10_Init)
    MX_TIM5_Init                             0x08003d51   Thumb Code   116  tim.o(.text.MX_TIM5_Init)
    MX_USART3_UART_Init                      0x08003dc5   Thumb Code    70  usart.o(.text.MX_USART3_UART_Init)
    MahonyAHRSupdate                         0x08003e0d   Thumb Code   948  mahonyahrs.o(.text.MahonyAHRSupdate)
    MahonyAHRSupdateIMU                      0x080041c9   Thumb Code   612  mahonyahrs.o(.text.MahonyAHRSupdateIMU)
    MemManage_Handler                        0x08004435   Thumb Code     2  stm32f4xx_it.o(.text.MemManage_Handler)
    NMI_Handler                              0x08004439   Thumb Code     2  stm32f4xx_it.o(.text.NMI_Handler)
    PID_calc                                 0x0800443d   Thumb Code   328  pid.o(.text.PID_calc)
    PID_init                                 0x08004589   Thumb Code    36  pid.o(.text.PID_init)
    PendSV_Handler                           0x080045b1   Thumb Code   100  port.o(.text.PendSV_Handler)
    SPI1_DMA_enable                          0x08004615   Thumb Code  2902  bsp_spi.o(.text.SPI1_DMA_enable)
    SPI1_DMA_init                            0x0800516d   Thumb Code   344  bsp_spi.o(.text.SPI1_DMA_init)
    SVC_Handler                              0x080053b1   Thumb Code    36  port.o(.text.SVC_Handler)
    StartChassisTask                         0x080053d5   Thumb Code   388  chassis_task.o(.text.StartChassisTask)
    StartDefaultTask                         0x08005565   Thumb Code     8  freertos.o(.text.StartDefaultTask)
    StartINSTask                             0x0800556d   Thumb Code   372  ins_task.o(.text.StartINSTask)
    SysTick_Handler                          0x080056ed   Thumb Code    30  cmsis_os2.o(.text.SysTick_Handler)
    SystemClock_Config                       0x0800570d   Thumb Code   176  main.o(.text.SystemClock_Config)
    SystemInit                               0x080057bd   Thumb Code    18  system_stm32f4xx.o(.text.SystemInit)
    TIM5_IRQHandler                          0x080057d1   Thumb Code    36  stm32f4xx_it.o(.text.TIM5_IRQHandler)
    TIM6_DAC_IRQHandler                      0x080057f5   Thumb Code    12  stm32f4xx_it.o(.text.TIM6_DAC_IRQHandler)
    TIM_Base_SetConfig                       0x08005801   Thumb Code   316  stm32f4xx_hal_tim.o(.text.TIM_Base_SetConfig)
    USART3_IRQHandler                        0x08005a2d   Thumb Code   444  remote.o(.text.USART3_IRQHandler)
    UsageFault_Handler                       0x08005be9   Thumb Code     2  stm32f4xx_it.o(.text.UsageFault_Handler)
    bmi088_accel_init                        0x08005bed   Thumb Code   668  bmi088driver.o(.text.bmi088_accel_init)
    bmi088_accel_self_test                   0x08005e89   Thumb Code  1112  bmi088driver.o(.text.bmi088_accel_self_test)
    bmi088_gyro_init                         0x080062e1   Thumb Code   530  bmi088driver.o(.text.bmi088_gyro_init)
    bmi088_gyro_self_test                    0x080064f5   Thumb Code   500  bmi088driver.o(.text.bmi088_gyro_self_test)
    can_filter_init                          0x080066e9   Thumb Code    98  bsp_can.o(.text.can_filter_init)
    delay_init                               0x0800674d   Thumb Code    52  bsp_delay.o(.text.delay_init)
    delay_us                                 0x08006781   Thumb Code    82  bsp_delay.o(.text.delay_us)
    get_remote_control_point                 0x080067d5   Thumb Code    12  remote.o(.text.get_remote_control_point)
    imu_pwm_set                              0x08006941   Thumb Code    14  bsp_imu_pwm.o(.text.imu_pwm_set)
    main                                     0x08006951   Thumb Code   102  main.o(.text.main)
    osDelay                                  0x080069b9   Thumb Code    32  cmsis_os2.o(.text.osDelay)
    osKernelInitialize                       0x080069d9   Thumb Code    40  cmsis_os2.o(.text.osKernelInitialize)
    osKernelStart                            0x08006a01   Thumb Code    60  cmsis_os2.o(.text.osKernelStart)
    osThreadNew                              0x08006a3d   Thumb Code   190  cmsis_os2.o(.text.osThreadNew)
    pvPortMalloc                             0x08007225   Thumb Code   412  heap_4.o(.text.pvPortMalloc)
    pxPortInitialiseStack                    0x080073c1   Thumb Code    36  port.o(.text.pxPortInitialiseStack)
    remote_control_init                      0x080073e5   Thumb Code    20  remote.o(.text.remote_control_init)
    usart3_rx_dma_init                       0x080073f9   Thumb Code   198  bsp_usart.o(.text.usart3_rx_dma_init)
    uxListRemove                             0x080074c1   Thumb Code    36  list.o(.text.uxListRemove)
    vApplicationGetIdleTaskMemory            0x080074e5   Thumb Code    26  cmsis_os2.o(.text.vApplicationGetIdleTaskMemory)
    vApplicationGetTimerTaskMemory           0x08007501   Thumb Code    28  cmsis_os2.o(.text.vApplicationGetTimerTaskMemory)
    vListInitialise                          0x0800751d   Thumb Code    22  list.o(.text.vListInitialise)
    vListInitialiseItem                      0x08007535   Thumb Code     6  list.o(.text.vListInitialiseItem)
    vListInsert                              0x0800753d   Thumb Code    58  list.o(.text.vListInsert)
    vListInsertEnd                           0x08007579   Thumb Code    28  list.o(.text.vListInsertEnd)
    vPortEnterCritical                       0x080075a9   Thumb Code    70  port.o(.text.vPortEnterCritical)
    vPortExitCritical                        0x080075f1   Thumb Code    46  port.o(.text.vPortExitCritical)
    vPortFree                                0x08007621   Thumb Code   210  heap_4.o(.text.vPortFree)
    vPortSetupTimerInterrupt                 0x080076f5   Thumb Code    52  port.o(.text.vPortSetupTimerInterrupt)
    vQueueAddToRegistry                      0x08007729   Thumb Code    40  queue.o(.text.vQueueAddToRegistry)
    vQueueWaitForMessageRestricted           0x08007751   Thumb Code    70  queue.o(.text.vQueueWaitForMessageRestricted)
    vTaskDelay                               0x08007799   Thumb Code   166  tasks.o(.text.vTaskDelay)
    vTaskInternalSetTimeOutState             0x08007841   Thumb Code    26  tasks.o(.text.vTaskInternalSetTimeOutState)
    vTaskMissedYield                         0x0800785d   Thumb Code    14  tasks.o(.text.vTaskMissedYield)
    vTaskPlaceOnEventList                    0x0800786d   Thumb Code    54  tasks.o(.text.vTaskPlaceOnEventList)
    vTaskPlaceOnEventListRestricted          0x080078a5   Thumb Code    62  tasks.o(.text.vTaskPlaceOnEventListRestricted)
    vTaskStartScheduler                      0x080078e5   Thumb Code   156  tasks.o(.text.vTaskStartScheduler)
    vTaskSuspendAll                          0x08007989   Thumb Code    16  tasks.o(.text.vTaskSuspendAll)
    vTaskSwitchContext                       0x08007999   Thumb Code   154  tasks.o(.text.vTaskSwitchContext)
    xPortStartScheduler                      0x08007a35   Thumb Code   306  port.o(.text.xPortStartScheduler)
    xPortSysTickHandler                      0x08007b69   Thumb Code    46  port.o(.text.xPortSysTickHandler)
    xQueueGenericCreateStatic                0x08007b99   Thumb Code   218  queue.o(.text.xQueueGenericCreateStatic)
    xQueueGenericSend                        0x08007c75   Thumb Code   530  queue.o(.text.xQueueGenericSend)
    xQueueReceive                            0x08007e89   Thumb Code   424  queue.o(.text.xQueueReceive)
    xTaskCheckForTimeOut                     0x08008031   Thumb Code   140  tasks.o(.text.xTaskCheckForTimeOut)
    xTaskCreate                              0x080080bd   Thumb Code   220  tasks.o(.text.xTaskCreate)
    xTaskCreateStatic                        0x08008199   Thumb Code   232  tasks.o(.text.xTaskCreateStatic)
    xTaskGetSchedulerState                   0x08008281   Thumb Code    38  tasks.o(.text.xTaskGetSchedulerState)
    xTaskGetTickCount                        0x080082a9   Thumb Code    12  tasks.o(.text.xTaskGetTickCount)
    xTaskIncrementTick                       0x080082b5   Thumb Code   366  tasks.o(.text.xTaskIncrementTick)
    xTaskPriorityDisinherit                  0x08008425   Thumb Code   146  tasks.o(.text.xTaskPriorityDisinherit)
    xTaskRemoveFromEventList                 0x080084b9   Thumb Code   142  tasks.o(.text.xTaskRemoveFromEventList)
    xTaskResumeAll                           0x08008549   Thumb Code   308  tasks.o(.text.xTaskResumeAll)
    xTimerCreateTimerTask                    0x0800867d   Thumb Code   108  timers.o(.text.xTimerCreateTimerTask)
    __ARM_fpclassify                         0x080086f1   Thumb Code    48  fpclassify.o(i.__ARM_fpclassify)
    __ARM_fpclassifyf                        0x08008721   Thumb Code    38  fpclassifyf.o(i.__ARM_fpclassifyf)
    __hardfp_asinf                           0x08008749   Thumb Code   258  asinf.o(i.__hardfp_asinf)
    __hardfp_atan2f                          0x08008875   Thumb Code   594  atan2f.o(i.__hardfp_atan2f)
    __hardfp_cos                             0x08008b21   Thumb Code   180  cos.o(i.__hardfp_cos)
    __hardfp_sin                             0x08008be9   Thumb Code   180  sin.o(i.__hardfp_sin)
    __ieee754_rem_pio2                       0x08008cb1   Thumb Code   938  rred.o(i.__ieee754_rem_pio2)
    __kernel_cos                             0x080090e9   Thumb Code   322  cos_i.o(i.__kernel_cos)
    __kernel_poly                            0x08009259   Thumb Code   248  poly.o(i.__kernel_poly)
    __kernel_sin                             0x08009351   Thumb Code   280  sin_i.o(i.__kernel_sin)
    __mathlib_dbl_infnan                     0x08009481   Thumb Code    20  dunder.o(i.__mathlib_dbl_infnan)
    __mathlib_dbl_invalid                    0x08009499   Thumb Code    24  dunder.o(i.__mathlib_dbl_invalid)
    __mathlib_dbl_underflow                  0x080094b9   Thumb Code    24  dunder.o(i.__mathlib_dbl_underflow)
    __mathlib_flt_infnan                     0x080094d9   Thumb Code     6  funder.o(i.__mathlib_flt_infnan)
    __mathlib_flt_infnan2                    0x080094df   Thumb Code     6  funder.o(i.__mathlib_flt_infnan2)
    __mathlib_flt_invalid                    0x080094e5   Thumb Code    10  funder.o(i.__mathlib_flt_invalid)
    __mathlib_flt_underflow                  0x080094f5   Thumb Code    10  funder.o(i.__mathlib_flt_underflow)
    fabs                                     0x08009505   Thumb Code    24  fabs.o(i.fabs)
    sqrtf                                    0x0800951d   Thumb Code    62  sqrtf.o(i.sqrtf)
    __aeabi_dneg                             0x0800955b   Thumb Code     0  basic.o(x$fpl$basic)
    _dneg                                    0x0800955b   Thumb Code     6  basic.o(x$fpl$basic)
    __aeabi_fneg                             0x08009561   Thumb Code     0  basic.o(x$fpl$basic)
    _fneg                                    0x08009561   Thumb Code     6  basic.o(x$fpl$basic)
    _dabs                                    0x08009567   Thumb Code     6  basic.o(x$fpl$basic)
    _fabs                                    0x0800956d   Thumb Code     6  basic.o(x$fpl$basic)
    __aeabi_d2f                              0x08009575   Thumb Code     0  d2f.o(x$fpl$d2f)
    _d2f                                     0x08009575   Thumb Code    98  d2f.o(x$fpl$d2f)
    __aeabi_dadd                             0x080095d9   Thumb Code     0  daddsub_clz.o(x$fpl$dadd)
    _dadd                                    0x080095d9   Thumb Code   332  daddsub_clz.o(x$fpl$dadd)
    __aeabi_ddiv                             0x08009729   Thumb Code     0  ddiv.o(x$fpl$ddiv)
    _ddiv                                    0x08009729   Thumb Code   556  ddiv.o(x$fpl$ddiv)
    __aeabi_d2iz                             0x080099dd   Thumb Code     0  dfix.o(x$fpl$dfix)
    _dfix                                    0x080099dd   Thumb Code    94  dfix.o(x$fpl$dfix)
    __aeabi_i2d                              0x08009a3b   Thumb Code     0  dflt_clz.o(x$fpl$dflt)
    _dflt                                    0x08009a3b   Thumb Code    46  dflt_clz.o(x$fpl$dflt)
    __aeabi_ui2d                             0x08009a69   Thumb Code     0  dflt_clz.o(x$fpl$dfltu)
    _dfltu                                   0x08009a69   Thumb Code    38  dflt_clz.o(x$fpl$dfltu)
    __aeabi_dmul                             0x08009a91   Thumb Code     0  dmul.o(x$fpl$dmul)
    _dmul                                    0x08009a91   Thumb Code   332  dmul.o(x$fpl$dmul)
    __fpl_dnaninf                            0x08009be5   Thumb Code   156  dnaninf.o(x$fpl$dnaninf)
    __fpl_dretinf                            0x08009c81   Thumb Code    12  dretinf.o(x$fpl$dretinf)
    __aeabi_drsub                            0x08009c8d   Thumb Code     0  daddsub_clz.o(x$fpl$drsb)
    _drsb                                    0x08009c8d   Thumb Code    22  daddsub_clz.o(x$fpl$drsb)
    __aeabi_dsub                             0x08009ca5   Thumb Code     0  daddsub_clz.o(x$fpl$dsub)
    _dsub                                    0x08009ca5   Thumb Code   472  daddsub_clz.o(x$fpl$dsub)
    __aeabi_f2d                              0x08009e81   Thumb Code     0  f2d.o(x$fpl$f2d)
    _f2d                                     0x08009e81   Thumb Code    86  f2d.o(x$fpl$f2d)
    __fpl_fnaninf                            0x08009ed7   Thumb Code   140  fnaninf.o(x$fpl$fnaninf)
    _fp_init                                 0x08009f63   Thumb Code    26  fpinit.o(x$fpl$fpinit)
    __fplib_config_fpu_vfp                   0x08009f7b   Thumb Code     0  fpinit.o(x$fpl$fpinit)
    __fplib_config_pureend_doubles           0x08009f7b   Thumb Code     0  fpinit.o(x$fpl$fpinit)
    __fpl_fretinf                            0x08009f7d   Thumb Code    10  fretinf.o(x$fpl$fretinf)
    __I$use$fp                               0x08009f86   Number         0  usenofp.o(x$fpl$usenofp)
    AHBPrescTable                            0x0800a0b0   Data          16  system_stm32f4xx.o(.rodata.AHBPrescTable)
    APBPrescTable                            0x0800a0c0   Data           8  system_stm32f4xx.o(.rodata.APBPrescTable)
    ChassisTask_attributes                   0x0800a0c8   Data          36  freertos.o(.rodata.ChassisTask_attributes)
    INSTask_attributes                       0x0800a0ec   Data          36  freertos.o(.rodata.INSTask_attributes)
    defaultTask_attributes                   0x0800a12c   Data          36  freertos.o(.rodata.defaultTask_attributes)
    Region$$Table$$Base                      0x0800a1a0   Number         0  anon$$obj.o(Region$$Table)
    Region$$Table$$Limit                     0x0800a1c0   Number         0  anon$$obj.o(Region$$Table)
    CHASSIS_3508_SPEED_PID                   0x20000000   Data          12  chassis_task.o(.data..L_MergedGlobals)
    Yaw_Angle_PID                            0x2000000c   Data          12  chassis_task.o(.data..L_MergedGlobals)
    yaw_bias                                 0x20000018   Data           4  ins_task.o(.data..L_MergedGlobals)
    accel_temp_dma_tx_buf                    0x2000001c   Data           4  ins_task.o(.data..L_MergedGlobals)
    gyro_dma_tx_buf                          0x20000020   Data           8  ins_task.o(.data..L_MergedGlobals)
    accel_dma_tx_buf                         0x20000028   Data           9  ins_task.o(.data..L_MergedGlobals)
    INS_quat                                 0x20000034   Data          16  ins_task.o(.data..L_MergedGlobals)
    uwTickFreq                               0x20000044   Data           1  stm32f4xx_hal.o(.data..L_MergedGlobals)
    uwTickPrio                               0x20000048   Data           4  stm32f4xx_hal.o(.data..L_MergedGlobals)
    BMI088_ACCEL_SEN                         0x2000004c   Data           4  bmi088driver.o(.data..L_MergedGlobals)
    BMI088_GYRO_SEN                          0x20000050   Data           4  bmi088driver.o(.data..L_MergedGlobals)
    SystemCoreClock                          0x20000054   Data           4  system_stm32f4xx.o(.data.SystemCoreClock)
    twoKp                                    0x20000058   Data           4  mahonyahrs.o(.data.twoKp)
    __libspace_start                         0x20000060   Data          96  libspace.o(.bss)
    __temporary_stack_top$libspace           0x200000c0   Data           0  libspace.o(.bss)
    defaultTaskHandle                        0x200000c0   Data           4  freertos.o(.bss..L_MergedGlobals)
    INSTaskHandle                            0x200000c4   Data           4  freertos.o(.bss..L_MergedGlobals)
    ChassisTaskHandle                        0x200000c8   Data           4  freertos.o(.bss..L_MergedGlobals)
    KeyFormerChannal                         0x200000d4   Data           2  remote.o(.bss..L_MergedGlobals)
    KeyJumpChannal                           0x200000d6   Data           2  remote.o(.bss..L_MergedGlobals)
    KeyUsed                                  0x200000d8   Data           2  remote.o(.bss..L_MergedGlobals)
    rc_ctrl                                  0x200000da   Data          22  remote.o(.bss..L_MergedGlobals)
    twoKi                                    0x20000158   Data           4  mahonyahrs.o(.bss..L_MergedGlobals)
    integralFBx                              0x2000015c   Data           4  mahonyahrs.o(.bss..L_MergedGlobals)
    integralFBy                              0x20000160   Data           4  mahonyahrs.o(.bss..L_MergedGlobals)
    integralFBz                              0x20000164   Data           4  mahonyahrs.o(.bss..L_MergedGlobals)
    offline_time                             0x20000168   Data           2  chassis_task.o(.bss..L_MergedGlobals.1)
    chassis_vx                               0x2000016c   Data           4  chassis_task.o(.bss..L_MergedGlobals.1)
    chassis_vy                               0x20000170   Data           4  chassis_task.o(.bss..L_MergedGlobals.1)
    chassis_vz                               0x20000174   Data           4  chassis_task.o(.bss..L_MergedGlobals.1)
    Vx                                       0x20000178   Data           4  chassis_task.o(.bss..L_MergedGlobals.1)
    Vy                                       0x2000017c   Data           4  chassis_task.o(.bss..L_MergedGlobals.1)
    theta                                    0x20000180   Data           4  chassis_task.o(.bss..L_MergedGlobals.1)
    remote_control                           0x20000184   Data          22  chassis_task.o(.bss..L_MergedGlobals.1)
    Yaw_Angle_pid                            0x2000019c   Data          72  chassis_task.o(.bss..L_MergedGlobals.1)
    gyro_update_flag                         0x200001e4   Data           1  ins_task.o(.bss..L_MergedGlobals.1)
    accel_update_flag                        0x200001e5   Data           1  ins_task.o(.bss..L_MergedGlobals.1)
    accel_temp_update_flag                   0x200001e6   Data           1  ins_task.o(.bss..L_MergedGlobals.1)
    imu_start_dma_flag                       0x200001e7   Data           1  ins_task.o(.bss..L_MergedGlobals.1)
    accel_temp_dma_rx_buf                    0x200001ea   Data           4  ins_task.o(.bss..L_MergedGlobals.1)
    gyro_dma_rx_buf                          0x200001ee   Data           8  ins_task.o(.bss..L_MergedGlobals.1)
    accel_dma_rx_buf                         0x200001f6   Data           9  ins_task.o(.bss..L_MergedGlobals.1)
    INS_angle                                0x20000200   Data          12  ins_task.o(.bss..L_MergedGlobals.1)
    INS_palstance                            0x2000020c   Data          12  ins_task.o(.bss..L_MergedGlobals.1)
    bmi088_real_data                         0x20000218   Data          36  ins_task.o(.bss..L_MergedGlobals.1)
    chassis                                  0x20000244   Data         324  chassis_task.o(.bss.chassis)
    hcan1                                    0x20000388   Data          40  can.o(.bss.hcan1)
    hcan2                                    0x200003b0   Data          40  can.o(.bss.hcan2)
    hdma_spi1_rx                             0x200003d8   Data          96  spi.o(.bss.hdma_spi1_rx)
    hdma_spi1_tx                             0x20000438   Data          96  spi.o(.bss.hdma_spi1_tx)
    hdma_usart3_rx                           0x20000498   Data          96  usart.o(.bss.hdma_usart3_rx)
    hi2c3                                    0x200004f8   Data          84  i2c.o(.bss.hi2c3)
    hspi1                                    0x2000054c   Data          88  spi.o(.bss.hspi1)
    htim10                                   0x200005a4   Data          72  tim.o(.bss.htim10)
    htim5                                    0x200005ec   Data          72  tim.o(.bss.htim5)
    htim6                                    0x20000634   Data          72  stm32f4xx_hal_timebase_tim.o(.bss.htim6)
    huart3                                   0x2000067c   Data          68  usart.o(.bss.huart3)
    pxCurrentTCB                             0x20000824   Data           4  tasks.o(.bss.pxCurrentTCB)
    uwTick                                   0x200048a4   Data           4  stm32f4xx_hal.o(.bss.uwTick)
    xQueueRegistry                           0x20004ffc   Data          64  queue.o(.bss.xQueueRegistry)



==============================================================================

Memory Map of the image

  Image Entry point : 0x08000189

  Load Region LR_IROM1 (Base: 0x08000000, Size: 0x0000a220, Max: 0x00100000, ABSOLUTE)

    Execution Region ER_IROM1 (Exec base: 0x08000000, Load base: 0x08000000, Size: 0x0000a1c0, Max: 0x00100000, ABSOLUTE)

    Exec Addr    Load Addr    Size         Type   Attr      Idx    E Section Name        Object

    0x08000000   0x08000000   0x00000188   Data   RO           55    RESET               startup_stm32f407xx.o
    0x08000188   0x08000188   0x00000008   Code   RO         2289  * !!!main             c_w.l(__main.o)
    0x08000190   0x08000190   0x0000005c   Code   RO         2591    !!!scatter          c_w.l(__scatter.o)
    0x080001ec   0x080001ec   0x0000001a   Code   RO         2595    !!handler_copy      c_w.l(__scatter_copy.o)
    0x08000206   0x08000206   0x00000002   PAD
    0x08000208   0x08000208   0x00000002   Code   RO         2592    !!handler_null      c_w.l(__scatter.o)
    0x0800020a   0x0800020a   0x00000002   PAD
    0x0800020c   0x0800020c   0x0000001c   Code   RO         2597    !!handler_zi        c_w.l(__scatter_zi.o)
    0x08000228   0x08000228   0x00000002   Code   RO         2456    .ARM.Collect$$libinit$$00000000  c_w.l(libinit.o)
    0x0800022a   0x0800022a   0x00000004   Code   RO         2465    .ARM.Collect$$libinit$$00000001  c_w.l(libinit2.o)
    0x0800022e   0x0800022e   0x00000000   Code   RO         2468    .ARM.Collect$$libinit$$00000004  c_w.l(libinit2.o)
    0x0800022e   0x0800022e   0x00000000   Code   RO         2470    .ARM.Collect$$libinit$$00000006  c_w.l(libinit2.o)
    0x0800022e   0x0800022e   0x00000000   Code   RO         2473    .ARM.Collect$$libinit$$0000000C  c_w.l(libinit2.o)
    0x0800022e   0x0800022e   0x00000000   Code   RO         2475    .ARM.Collect$$libinit$$0000000E  c_w.l(libinit2.o)
    0x0800022e   0x0800022e   0x00000000   Code   RO         2477    .ARM.Collect$$libinit$$00000010  c_w.l(libinit2.o)
    0x0800022e   0x0800022e   0x00000000   Code   RO         2480    .ARM.Collect$$libinit$$00000013  c_w.l(libinit2.o)
    0x0800022e   0x0800022e   0x00000000   Code   RO         2482    .ARM.Collect$$libinit$$00000015  c_w.l(libinit2.o)
    0x0800022e   0x0800022e   0x00000000   Code   RO         2484    .ARM.Collect$$libinit$$00000017  c_w.l(libinit2.o)
    0x0800022e   0x0800022e   0x00000000   Code   RO         2486    .ARM.Collect$$libinit$$00000019  c_w.l(libinit2.o)
    0x0800022e   0x0800022e   0x00000000   Code   RO         2488    .ARM.Collect$$libinit$$0000001B  c_w.l(libinit2.o)
    0x0800022e   0x0800022e   0x00000000   Code   RO         2490    .ARM.Collect$$libinit$$0000001D  c_w.l(libinit2.o)
    0x0800022e   0x0800022e   0x00000000   Code   RO         2492    .ARM.Collect$$libinit$$0000001F  c_w.l(libinit2.o)
    0x0800022e   0x0800022e   0x00000000   Code   RO         2494    .ARM.Collect$$libinit$$00000021  c_w.l(libinit2.o)
    0x0800022e   0x0800022e   0x00000000   Code   RO         2496    .ARM.Collect$$libinit$$00000023  c_w.l(libinit2.o)
    0x0800022e   0x0800022e   0x00000000   Code   RO         2498    .ARM.Collect$$libinit$$00000025  c_w.l(libinit2.o)
    0x0800022e   0x0800022e   0x00000000   Code   RO         2500    .ARM.Collect$$libinit$$00000027  c_w.l(libinit2.o)
    0x0800022e   0x0800022e   0x00000000   Code   RO         2504    .ARM.Collect$$libinit$$0000002E  c_w.l(libinit2.o)
    0x0800022e   0x0800022e   0x00000000   Code   RO         2506    .ARM.Collect$$libinit$$00000030  c_w.l(libinit2.o)
    0x0800022e   0x0800022e   0x00000000   Code   RO         2508    .ARM.Collect$$libinit$$00000032  c_w.l(libinit2.o)
    0x0800022e   0x0800022e   0x00000000   Code   RO         2510    .ARM.Collect$$libinit$$00000034  c_w.l(libinit2.o)
    0x0800022e   0x0800022e   0x00000002   Code   RO         2511    .ARM.Collect$$libinit$$00000035  c_w.l(libinit2.o)
    0x08000230   0x08000230   0x00000002   Code   RO         2546    .ARM.Collect$$libshutdown$$00000000  c_w.l(libshutdown.o)
    0x08000232   0x08000232   0x00000000   Code   RO         2574    .ARM.Collect$$libshutdown$$00000002  c_w.l(libshutdown2.o)
    0x08000232   0x08000232   0x00000000   Code   RO         2576    .ARM.Collect$$libshutdown$$00000004  c_w.l(libshutdown2.o)
    0x08000232   0x08000232   0x00000000   Code   RO         2579    .ARM.Collect$$libshutdown$$00000007  c_w.l(libshutdown2.o)
    0x08000232   0x08000232   0x00000000   Code   RO         2582    .ARM.Collect$$libshutdown$$0000000A  c_w.l(libshutdown2.o)
    0x08000232   0x08000232   0x00000000   Code   RO         2584    .ARM.Collect$$libshutdown$$0000000C  c_w.l(libshutdown2.o)
    0x08000232   0x08000232   0x00000000   Code   RO         2587    .ARM.Collect$$libshutdown$$0000000F  c_w.l(libshutdown2.o)
    0x08000232   0x08000232   0x00000002   Code   RO         2588    .ARM.Collect$$libshutdown$$00000010  c_w.l(libshutdown2.o)
    0x08000234   0x08000234   0x00000000   Code   RO         2331    .ARM.Collect$$rtentry$$00000000  c_w.l(__rtentry.o)
    0x08000234   0x08000234   0x00000000   Code   RO         2399    .ARM.Collect$$rtentry$$00000002  c_w.l(__rtentry2.o)
    0x08000234   0x08000234   0x00000006   Code   RO         2411    .ARM.Collect$$rtentry$$00000004  c_w.l(__rtentry4.o)
    0x0800023a   0x0800023a   0x00000000   Code   RO         2401    .ARM.Collect$$rtentry$$00000009  c_w.l(__rtentry2.o)
    0x0800023a   0x0800023a   0x00000004   Code   RO         2402    .ARM.Collect$$rtentry$$0000000A  c_w.l(__rtentry2.o)
    0x0800023e   0x0800023e   0x00000000   Code   RO         2404    .ARM.Collect$$rtentry$$0000000C  c_w.l(__rtentry2.o)
    0x0800023e   0x0800023e   0x00000008   Code   RO         2405    .ARM.Collect$$rtentry$$0000000D  c_w.l(__rtentry2.o)
    0x08000246   0x08000246   0x00000002   Code   RO         2457    .ARM.Collect$$rtexit$$00000000  c_w.l(rtexit.o)
    0x08000248   0x08000248   0x00000000   Code   RO         2517    .ARM.Collect$$rtexit$$00000002  c_w.l(rtexit2.o)
    0x08000248   0x08000248   0x00000004   Code   RO         2518    .ARM.Collect$$rtexit$$00000003  c_w.l(rtexit2.o)
    0x0800024c   0x0800024c   0x00000006   Code   RO         2519    .ARM.Collect$$rtexit$$00000004  c_w.l(rtexit2.o)
    0x08000252   0x08000252   0x00000002   PAD
    0x08000254   0x08000254   0x00000040   Code   RO           56    .text               startup_stm32f407xx.o
    0x08000294   0x08000294   0x000000f0   Code   RO         2273    .text               c_w.l(lludivv7m.o)
    0x08000384   0x08000384   0x0000008a   Code   RO         2277    .text               c_w.l(rt_memcpy_v6.o)
    0x0800040e   0x0800040e   0x00000010   Code   RO         2281    .text               c_w.l(aeabi_memset4.o)
    0x0800041e   0x0800041e   0x0000004e   Code   RO         2285    .text               c_w.l(rt_memclr_w.o)
    0x0800046c   0x0800046c   0x00000006   Code   RO         2287    .text               c_w.l(heapauxi.o)
    0x08000472   0x08000472   0x00000016   Code   RO         2336    .text               c_w.l(_rserrno.o)
    0x08000488   0x08000488   0x00000064   Code   RO         2338    .text               c_w.l(rt_memcpy_w.o)
    0x080004ec   0x080004ec   0x00000008   Code   RO         2418    .text               c_w.l(rt_errno_addr_intlibspace.o)
    0x080004f4   0x080004f4   0x00000008   Code   RO         2440    .text               c_w.l(libspace.o)
    0x080004fc   0x080004fc   0x0000004a   Code   RO         2443    .text               c_w.l(sys_stackheap_outer.o)
    0x08000546   0x08000546   0x00000012   Code   RO         2445    .text               c_w.l(exit.o)
    0x08000558   0x08000558   0x0000000c   Code   RO         2512    .text               c_w.l(sys_exit.o)
    0x08000564   0x08000564   0x00000002   Code   RO         2535    .text               c_w.l(use_no_semi.o)
    0x08000566   0x08000566   0x00000000   Code   RO         2537    .text               c_w.l(indicate_semi.o)
    0x08000566   0x08000566   0x00000002   PAD
    0x08000568   0x08000568   0x0000000e   Code   RO         1617    .text.BMI088_ACCEL_NS_H  bmi088middleware.o
    0x08000576   0x08000576   0x00000002   PAD
    0x08000578   0x08000578   0x0000000e   Code   RO         1615    .text.BMI088_ACCEL_NS_L  bmi088middleware.o
    0x08000586   0x08000586   0x00000002   PAD
    0x08000588   0x08000588   0x00000002   Code   RO         1607    .text.BMI088_GPIO_init  bmi088middleware.o
    0x0800058a   0x0800058a   0x00000002   PAD
    0x0800058c   0x0800058c   0x00000010   Code   RO         1621    .text.BMI088_GYRO_NS_H  bmi088middleware.o
    0x0800059c   0x0800059c   0x00000010   Code   RO         1619    .text.BMI088_GYRO_NS_L  bmi088middleware.o
    0x080005ac   0x080005ac   0x00000074   Code   RO         1581    .text.BMI088_accel_read_over  bmi088driver.o
    0x08000620   0x08000620   0x00000002   Code   RO         1609    .text.BMI088_com_init  bmi088middleware.o
    0x08000622   0x08000622   0x00000002   PAD
    0x08000624   0x08000624   0x00000004   Code   RO         1611    .text.BMI088_delay_ms  bmi088middleware.o
    0x08000628   0x08000628   0x00000004   Code   RO         1613    .text.BMI088_delay_us  bmi088middleware.o
    0x0800062c   0x0800062c   0x00000084   Code   RO         1583    .text.BMI088_gyro_read_over  bmi088driver.o
    0x080006b0   0x080006b0   0x00000030   Code   RO         1565    .text.BMI088_init   bmi088driver.o
    0x080006e0   0x080006e0   0x0000019e   Code   RO         1585    .text.BMI088_read   bmi088driver.o
    0x0800087e   0x0800087e   0x00000002   PAD
    0x08000880   0x08000880   0x0000002e   Code   RO         1623    .text.BMI088_read_write_byte  bmi088middleware.o
    0x080008ae   0x080008ae   0x00000002   PAD
    0x080008b0   0x080008b0   0x0000003c   Code   RO         1579    .text.BMI088_temperature_read_over  bmi088driver.o
    0x080008ec   0x080008ec   0x00000002   Code   RO          213    .text.BusFault_Handler  stm32f4xx_it.o
    0x080008ee   0x080008ee   0x00000002   PAD
    0x080008f0   0x080008f0   0x0000000c   Code   RO          223    .text.CAN1_RX0_IRQHandler  stm32f4xx_it.o
    0x080008fc   0x080008fc   0x0000000c   Code   RO          233    .text.CAN2_RX0_IRQHandler  stm32f4xx_it.o
    0x08000908   0x08000908   0x00000060   Code   RO         1551    .text.CAN_cmd_chassis  motor.o
    0x08000968   0x08000968   0x00000358   Code   RO            6    .text.ChassisCommandUpdate  chassis_task.o
    0x08000cc0   0x08000cc0   0x00000022   Code   RO         1553    .text.ChassisMotorMeasureUpdate  motor.o
    0x08000ce2   0x08000ce2   0x00000002   PAD
    0x08000ce4   0x08000ce4   0x0000000c   Code   RO          221    .text.DMA1_Stream1_IRQHandler  stm32f4xx_it.o
    0x08000cf0   0x08000cf0   0x00000548   Code   RO           39    .text.DMA2_Stream0_IRQHandler  ins_task.o
    0x08001238   0x08001238   0x0000000c   Code   RO          231    .text.DMA2_Stream3_IRQHandler  stm32f4xx_it.o
    0x08001244   0x08001244   0x00000002   Code   RO          217    .text.DebugMon_Handler  stm32f4xx_it.o
    0x08001246   0x08001246   0x00000002   PAD
    0x08001248   0x08001248   0x00000006   Code   RO          219    .text.EXTI4_IRQHandler  stm32f4xx_it.o
    0x0800124e   0x0800124e   0x00000002   PAD
    0x08001250   0x08001250   0x00000006   Code   RO          225    .text.EXTI9_5_IRQHandler  stm32f4xx_it.o
    0x08001256   0x08001256   0x00000002   PAD
    0x08001258   0x08001258   0x0000000a   Code   RO           67    .text.Error_Handler  main.o
    0x08001262   0x08001262   0x00000002   PAD
    0x08001264   0x08001264   0x0000002e   Code   RO          300    .text.HAL_CAN_ActivateNotification  stm32f4xx_hal_can.o
    0x08001292   0x08001292   0x00000002   PAD
    0x08001294   0x08001294   0x000000c0   Code   RO          286    .text.HAL_CAN_AddTxMessage  stm32f4xx_hal_can.o
    0x08001354   0x08001354   0x000000de   Code   RO          276    .text.HAL_CAN_ConfigFilter  stm32f4xx_hal_can.o
    0x08001432   0x08001432   0x00000002   PAD
    0x08001434   0x08001434   0x00000002   Code   RO          330    .text.HAL_CAN_ErrorCallback  stm32f4xx_hal_can.o
    0x08001436   0x08001436   0x00000002   PAD
    0x08001438   0x08001438   0x0000011a   Code   RO          296    .text.HAL_CAN_GetRxMessage  stm32f4xx_hal_can.o
    0x08001552   0x08001552   0x00000002   PAD
    0x08001554   0x08001554   0x0000025e   Code   RO          304    .text.HAL_CAN_IRQHandler  stm32f4xx_hal_can.o
    0x080017b2   0x080017b2   0x00000002   PAD
    0x080017b4   0x080017b4   0x000000f4   Code   RO          266    .text.HAL_CAN_Init  stm32f4xx_hal_can.o
    0x080018a8   0x080018a8   0x0000011e   Code   RO          115    .text.HAL_CAN_MspInit  can.o
    0x080019c6   0x080019c6   0x00000002   PAD
    0x080019c8   0x080019c8   0x00000002   Code   RO          318    .text.HAL_CAN_RxFifo0FullCallback  stm32f4xx_hal_can.o
    0x080019ca   0x080019ca   0x00000002   PAD
    0x080019cc   0x080019cc   0x0000005e   Code   RO         1549    .text.HAL_CAN_RxFifo0MsgPendingCallback  motor.o
    0x08001a2a   0x08001a2a   0x00000002   PAD
    0x08001a2c   0x08001a2c   0x00000002   Code   RO          322    .text.HAL_CAN_RxFifo1FullCallback  stm32f4xx_hal_can.o
    0x08001a2e   0x08001a2e   0x00000002   PAD
    0x08001a30   0x08001a30   0x00000002   Code   RO          324    .text.HAL_CAN_RxFifo1MsgPendingCallback  stm32f4xx_hal_can.o
    0x08001a32   0x08001a32   0x00000002   PAD
    0x08001a34   0x08001a34   0x00000002   Code   RO          326    .text.HAL_CAN_SleepCallback  stm32f4xx_hal_can.o
    0x08001a36   0x08001a36   0x00000002   PAD
    0x08001a38   0x08001a38   0x0000005a   Code   RO          278    .text.HAL_CAN_Start  stm32f4xx_hal_can.o
    0x08001a92   0x08001a92   0x00000002   PAD
    0x08001a94   0x08001a94   0x00000002   Code   RO          308    .text.HAL_CAN_TxMailbox0AbortCallback  stm32f4xx_hal_can.o
    0x08001a96   0x08001a96   0x00000002   PAD
    0x08001a98   0x08001a98   0x00000002   Code   RO          306    .text.HAL_CAN_TxMailbox0CompleteCallback  stm32f4xx_hal_can.o
    0x08001a9a   0x08001a9a   0x00000002   PAD
    0x08001a9c   0x08001a9c   0x00000002   Code   RO          312    .text.HAL_CAN_TxMailbox1AbortCallback  stm32f4xx_hal_can.o
    0x08001a9e   0x08001a9e   0x00000002   PAD
    0x08001aa0   0x08001aa0   0x00000002   Code   RO          310    .text.HAL_CAN_TxMailbox1CompleteCallback  stm32f4xx_hal_can.o
    0x08001aa2   0x08001aa2   0x00000002   PAD
    0x08001aa4   0x08001aa4   0x00000002   Code   RO          316    .text.HAL_CAN_TxMailbox2AbortCallback  stm32f4xx_hal_can.o
    0x08001aa6   0x08001aa6   0x00000002   PAD
    0x08001aa8   0x08001aa8   0x00000002   Code   RO          314    .text.HAL_CAN_TxMailbox2CompleteCallback  stm32f4xx_hal_can.o
    0x08001aaa   0x08001aaa   0x00000002   PAD
    0x08001aac   0x08001aac   0x00000002   Code   RO          328    .text.HAL_CAN_WakeUpFromRxMsgCallback  stm32f4xx_hal_can.o
    0x08001aae   0x08001aae   0x00000002   PAD
    0x08001ab0   0x08001ab0   0x000001c0   Code   RO          508    .text.HAL_DMA_IRQHandler  stm32f4xx_hal_dma.o
    0x08001c70   0x08001c70   0x00000162   Code   RO          494    .text.HAL_DMA_Init  stm32f4xx_hal_dma.o
    0x08001dd2   0x08001dd2   0x00000002   PAD
    0x08001dd4   0x08001dd4   0x00000028   Code   RO          655    .text.HAL_Delay     stm32f4xx_hal.o
    0x08001dfc   0x08001dfc   0x00000040   Code   RO           35    .text.HAL_GPIO_EXTI_Callback  ins_task.o
    0x08001e3c   0x08001e3c   0x00000016   Code   RO          468    .text.HAL_GPIO_EXTI_IRQHandler  stm32f4xx_hal_gpio.o
    0x08001e52   0x08001e52   0x00000002   PAD
    0x08001e54   0x08001e54   0x0000019e   Code   RO          456    .text.HAL_GPIO_Init  stm32f4xx_hal_gpio.o
    0x08001ff2   0x08001ff2   0x00000002   PAD
    0x08001ff4   0x08001ff4   0x0000000a   Code   RO          462    .text.HAL_GPIO_WritePin  stm32f4xx_hal_gpio.o
    0x08001ffe   0x08001ffe   0x00000002   PAD
    0x08002000   0x08002000   0x0000000c   Code   RO          647    .text.HAL_GetTick   stm32f4xx_hal.o
    0x0800200c   0x0800200c   0x00000164   Code   RO          725    .text.HAL_I2C_Init  stm32f4xx_hal_i2c.o
    0x08002170   0x08002170   0x000000b4   Code   RO          141    .text.HAL_I2C_MspInit  i2c.o
    0x08002224   0x08002224   0x0000001a   Code   RO          645    .text.HAL_IncTick   stm32f4xx_hal.o
    0x0800223e   0x0800223e   0x00000002   PAD
    0x08002240   0x08002240   0x00000036   Code   RO          635    .text.HAL_Init      stm32f4xx_hal.o
    0x08002276   0x08002276   0x00000002   PAD
    0x08002278   0x08002278   0x000000bc   Code   RO          251    .text.HAL_InitTick  stm32f4xx_hal_timebase_tim.o
    0x08002334   0x08002334   0x00000042   Code   RO          242    .text.HAL_MspInit   stm32f4xx_hal_msp.o
    0x08002376   0x08002376   0x00000002   PAD
    0x08002378   0x08002378   0x00000022   Code   RO          593    .text.HAL_NVIC_EnableIRQ  stm32f4xx_hal_cortex.o
    0x0800239a   0x0800239a   0x00000002   PAD
    0x0800239c   0x0800239c   0x00000056   Code   RO          591    .text.HAL_NVIC_SetPriority  stm32f4xx_hal_cortex.o
    0x080023f2   0x080023f2   0x00000002   PAD
    0x080023f4   0x080023f4   0x00000020   Code   RO          589    .text.HAL_NVIC_SetPriorityGrouping  stm32f4xx_hal_cortex.o
    0x08002414   0x08002414   0x00000164   Code   RO          350    .text.HAL_RCC_ClockConfig  stm32f4xx_hal_rcc.o
    0x08002578   0x08002578   0x0000003e   Code   RO          368    .text.HAL_RCC_GetClockConfig  stm32f4xx_hal_rcc.o
    0x080025b6   0x080025b6   0x00000002   PAD
    0x080025b8   0x080025b8   0x00000026   Code   RO          362    .text.HAL_RCC_GetPCLK1Freq  stm32f4xx_hal_rcc.o
    0x080025de   0x080025de   0x00000002   PAD
    0x080025e0   0x080025e0   0x00000026   Code   RO          364    .text.HAL_RCC_GetPCLK2Freq  stm32f4xx_hal_rcc.o
    0x08002606   0x08002606   0x00000002   PAD
    0x08002608   0x08002608   0x0000006a   Code   RO          352    .text.HAL_RCC_GetSysClockFreq  stm32f4xx_hal_rcc.o
    0x08002672   0x08002672   0x00000002   PAD
    0x08002674   0x08002674   0x000003b0   Code   RO          348    .text.HAL_RCC_OscConfig  stm32f4xx_hal_rcc.o
    0x08002a24   0x08002a24   0x000000b4   Code   RO          860    .text.HAL_SPI_Init  stm32f4xx_hal_spi.o
    0x08002ad8   0x08002ad8   0x00000128   Code   RO          156    .text.HAL_SPI_MspInit  spi.o
    0x08002c00   0x08002c00   0x00000314   Code   RO          872    .text.HAL_SPI_TransmitReceive  stm32f4xx_hal_spi.o
    0x08002f14   0x08002f14   0x00000002   Code   RO         1279    .text.HAL_TIMEx_BreakCallback  stm32f4xx_hal_tim_ex.o
    0x08002f16   0x08002f16   0x00000002   PAD
    0x08002f18   0x08002f18   0x00000002   Code   RO         1275    .text.HAL_TIMEx_CommutCallback  stm32f4xx_hal_tim_ex.o
    0x08002f1a   0x08002f1a   0x00000002   PAD
    0x08002f1c   0x08002f1c   0x000000ba   Code   RO         1269    .text.HAL_TIMEx_MasterConfigSynchronization  stm32f4xx_hal_tim_ex.o
    0x08002fd6   0x08002fd6   0x00000002   PAD
    0x08002fd8   0x08002fd8   0x0000005a   Code   RO          974    .text.HAL_TIM_Base_Init  stm32f4xx_hal_tim.o
    0x08003032   0x08003032   0x00000002   PAD
    0x08003034   0x08003034   0x00000076   Code   RO          177    .text.HAL_TIM_Base_MspInit  tim.o
    0x080030aa   0x080030aa   0x00000002   PAD
    0x080030ac   0x080030ac   0x000000aa   Code   RO          988    .text.HAL_TIM_Base_Start_IT  stm32f4xx_hal_tim.o
    0x08003156   0x08003156   0x00000002   PAD
    0x08003158   0x08003158   0x000001a0   Code   RO         1154    .text.HAL_TIM_ConfigClockSource  stm32f4xx_hal_tim.o
    0x080032f8   0x080032f8   0x00000002   Code   RO         1110    .text.HAL_TIM_IC_CaptureCallback  stm32f4xx_hal_tim.o
    0x080032fa   0x080032fa   0x00000002   PAD
    0x080032fc   0x080032fc   0x00000170   Code   RO         1108    .text.HAL_TIM_IRQHandler  stm32f4xx_hal_tim.o
    0x0800346c   0x0800346c   0x00000002   Code   RO         1112    .text.HAL_TIM_OC_DelayElapsedCallback  stm32f4xx_hal_tim.o
    0x0800346e   0x0800346e   0x00000002   PAD
    0x08003470   0x08003470   0x00000224   Code   RO         1128    .text.HAL_TIM_PWM_ConfigChannel  stm32f4xx_hal_tim.o
    0x08003694   0x08003694   0x0000005a   Code   RO         1028    .text.HAL_TIM_PWM_Init  stm32f4xx_hal_tim.o
    0x080036ee   0x080036ee   0x00000002   PAD
    0x080036f0   0x080036f0   0x00000002   Code   RO         1030    .text.HAL_TIM_PWM_MspInit  stm32f4xx_hal_tim.o
    0x080036f2   0x080036f2   0x00000002   PAD
    0x080036f4   0x080036f4   0x00000002   Code   RO         1114    .text.HAL_TIM_PWM_PulseFinishedCallback  stm32f4xx_hal_tim.o
    0x080036f6   0x080036f6   0x00000002   PAD
    0x080036f8   0x080036f8   0x0000011e   Code   RO         1036    .text.HAL_TIM_PWM_Start  stm32f4xx_hal_tim.o
    0x08003816   0x08003816   0x00000002   PAD
    0x08003818   0x08003818   0x00000014   Code   RO           69    .text.HAL_TIM_PeriodElapsedCallback  main.o
    0x0800382c   0x0800382c   0x00000002   Code   RO         1118    .text.HAL_TIM_TriggerCallback  stm32f4xx_hal_tim.o
    0x0800382e   0x0800382e   0x00000002   PAD
    0x08003830   0x08003830   0x0000005e   Code   RO         1293    .text.HAL_UART_Init  stm32f4xx_hal_uart.o
    0x0800388e   0x0800388e   0x00000002   PAD
    0x08003890   0x08003890   0x000000bc   Code   RO          193    .text.HAL_UART_MspInit  usart.o
    0x0800394c   0x0800394c   0x00000002   Code   RO          209    .text.HardFault_Handler  stm32f4xx_it.o
    0x0800394e   0x0800394e   0x00000002   PAD
    0x08003950   0x08003950   0x00000046   Code   RO          111    .text.MX_CAN1_Init  can.o
    0x08003996   0x08003996   0x00000002   PAD
    0x08003998   0x08003998   0x00000046   Code   RO          113    .text.MX_CAN2_Init  can.o
    0x080039de   0x080039de   0x00000002   PAD
    0x080039e0   0x080039e0   0x0000006c   Code   RO          130    .text.MX_DMA_Init   dma.o
    0x08003a4c   0x08003a4c   0x00000054   Code   RO           90    .text.MX_FREERTOS_Init  freertos.o
    0x08003aa0   0x08003aa0   0x00000158   Code   RO           80    .text.MX_GPIO_Init  gpio.o
    0x08003bf8   0x08003bf8   0x00000042   Code   RO          139    .text.MX_I2C3_Init  i2c.o
    0x08003c3a   0x08003c3a   0x00000002   PAD
    0x08003c3c   0x08003c3c   0x00000052   Code   RO          154    .text.MX_SPI1_Init  spi.o
    0x08003c8e   0x08003c8e   0x00000002   PAD
    0x08003c90   0x08003c90   0x000000be   Code   RO          173    .text.MX_TIM10_Init  tim.o
    0x08003d4e   0x08003d4e   0x00000002   PAD
    0x08003d50   0x08003d50   0x00000074   Code   RO          171    .text.MX_TIM5_Init  tim.o
    0x08003dc4   0x08003dc4   0x00000046   Code   RO          191    .text.MX_USART3_UART_Init  usart.o
    0x08003e0a   0x08003e0a   0x00000002   PAD
    0x08003e0c   0x08003e0c   0x000003bc   Code   RO         1652    .text.MahonyAHRSupdate  mahonyahrs.o
    0x080041c8   0x080041c8   0x0000026c   Code   RO         1654    .text.MahonyAHRSupdateIMU  mahonyahrs.o
    0x08004434   0x08004434   0x00000002   Code   RO          211    .text.MemManage_Handler  stm32f4xx_it.o
    0x08004436   0x08004436   0x00000002   PAD
    0x08004438   0x08004438   0x00000002   Code   RO          207    .text.NMI_Handler   stm32f4xx_it.o
    0x0800443a   0x0800443a   0x00000002   PAD
    0x0800443c   0x0800443c   0x0000014c   Code   RO         1636    .text.PID_calc      pid.o
    0x08004588   0x08004588   0x00000024   Code   RO         1632    .text.PID_init      pid.o
    0x080045ac   0x080045ac   0x00000004   PAD
    0x080045b0   0x080045b0   0x00000064   Code   RO         2255    .text.PendSV_Handler  port.o
    0x08004614   0x08004614   0x00000b56   Code   RO         1480    .text.SPI1_DMA_enable  bsp_spi.o
    0x0800516a   0x0800516a   0x00000002   PAD
    0x0800516c   0x0800516c   0x00000158   Code   RO         1478    .text.SPI1_DMA_init  bsp_spi.o
    0x080052c4   0x080052c4   0x000000e4   Code   RO          964    .text.SPI_WaitFlagStateUntilTimeout  stm32f4xx_hal_spi.o
    0x080053a8   0x080053a8   0x00000008   PAD
    0x080053b0   0x080053b0   0x00000024   Code   RO         2239    .text.SVC_Handler   port.o
    0x080053d4   0x080053d4   0x00000190   Code   RO            2    .text.StartChassisTask  chassis_task.o
    0x08005564   0x08005564   0x00000008   Code   RO           92    .text.StartDefaultTask  freertos.o
    0x0800556c   0x0800556c   0x00000180   Code   RO           25    .text.StartINSTask  ins_task.o
    0x080056ec   0x080056ec   0x0000001e   Code   RO         2044    .text.SysTick_Handler  cmsis_os2.o
    0x0800570a   0x0800570a   0x00000002   PAD
    0x0800570c   0x0800570c   0x000000b0   Code   RO           65    .text.SystemClock_Config  main.o
    0x080057bc   0x080057bc   0x00000012   Code   RO         1413    .text.SystemInit    system_stm32f4xx.o
    0x080057ce   0x080057ce   0x00000002   PAD
    0x080057d0   0x080057d0   0x00000024   Code   RO          227    .text.TIM5_IRQHandler  stm32f4xx_it.o
    0x080057f4   0x080057f4   0x0000000c   Code   RO          229    .text.TIM6_DAC_IRQHandler  stm32f4xx_it.o
    0x08005800   0x08005800   0x0000013c   Code   RO          978    .text.TIM_Base_SetConfig  stm32f4xx_hal_tim.o
    0x0800593c   0x0800593c   0x000000ee   Code   RO         1297    .text.UART_SetConfig  stm32f4xx_hal_uart.o
    0x08005a2a   0x08005a2a   0x00000002   PAD
    0x08005a2c   0x08005a2c   0x000001bc   Code   RO         1492    .text.USART3_IRQHandler  remote.o
    0x08005be8   0x08005be8   0x00000002   Code   RO          215    .text.UsageFault_Handler  stm32f4xx_it.o
    0x08005bea   0x08005bea   0x00000002   PAD
    0x08005bec   0x08005bec   0x0000029c   Code   RO         1569    .text.bmi088_accel_init  bmi088driver.o
    0x08005e88   0x08005e88   0x00000458   Code   RO         1567    .text.bmi088_accel_self_test  bmi088driver.o
    0x080062e0   0x080062e0   0x00000212   Code   RO         1573    .text.bmi088_gyro_init  bmi088driver.o
    0x080064f2   0x080064f2   0x00000002   PAD
    0x080064f4   0x080064f4   0x000001f4   Code   RO         1571    .text.bmi088_gyro_self_test  bmi088driver.o
    0x080066e8   0x080066e8   0x00000062   Code   RO         1442    .text.can_filter_init  bsp_can.o
    0x0800674a   0x0800674a   0x00000002   PAD
    0x0800674c   0x0800674c   0x00000034   Code   RO         1455    .text.delay_init    bsp_delay.o
    0x08006780   0x08006780   0x00000052   Code   RO         1457    .text.delay_us      bsp_delay.o
    0x080067d2   0x080067d2   0x00000002   PAD
    0x080067d4   0x080067d4   0x0000000c   Code   RO         1496    .text.get_remote_control_point  remote.o
    0x080067e0   0x080067e0   0x0000015e   Code   RO           37    .text.imu_cmd_spi_dma  ins_task.o
    0x0800693e   0x0800693e   0x00000002   PAD
    0x08006940   0x08006940   0x0000000e   Code   RO         1470    .text.imu_pwm_set   bsp_imu_pwm.o
    0x0800694e   0x0800694e   0x00000002   PAD
    0x08006950   0x08006950   0x00000066   Code   RO           63    .text.main          main.o
    0x080069b6   0x080069b6   0x00000002   PAD
    0x080069b8   0x080069b8   0x00000020   Code   RO         2104    .text.osDelay       cmsis_os2.o
    0x080069d8   0x080069d8   0x00000028   Code   RO         2046    .text.osKernelInitialize  cmsis_os2.o
    0x08006a00   0x08006a00   0x0000003c   Code   RO         2052    .text.osKernelStart  cmsis_os2.o
    0x08006a3c   0x08006a3c   0x000000be   Code   RO         2068    .text.osThreadNew   cmsis_os2.o
    0x08006afa   0x08006afa   0x00000002   PAD
    0x08006afc   0x08006afc   0x00000084   Code   RO         1860    .text.prvAddCurrentTaskToDelayedList  tasks.o
    0x08006b80   0x08006b80   0x0000011c   Code   RO         1850    .text.prvAddNewTaskToReadyList  tasks.o
    0x08006c9c   0x08006c9c   0x0000007c   Code   RO         1989    .text.prvCheckForValidListAndQueue  timers.o
    0x08006d18   0x08006d18   0x00000096   Code   RO         1884    .text.prvIdleTask   tasks.o
    0x08006dae   0x08006dae   0x00000002   PAD
    0x08006db0   0x08006db0   0x00000028   Code   RO         2247    .text.prvPortStartFirstTask  port.o
    0x08006dd8   0x08006dd8   0x000000ea   Code   RO         2025    .text.prvSampleTimeNow  timers.o
    0x08006ec2   0x08006ec2   0x00000002   PAD
    0x08006ec4   0x08006ec4   0x00000032   Code   RO         2237    .text.prvTaskExitError  port.o
    0x08006ef6   0x08006ef6   0x00000002   PAD
    0x08006ef8   0x08006ef8   0x000002b6   Code   RO         1991    .text.prvTimerTask  timers.o
    0x080071ae   0x080071ae   0x00000002   PAD
    0x080071b0   0x080071b0   0x00000074   Code   RO         1749    .text.prvUnlockQueue  queue.o
    0x08007224   0x08007224   0x0000019c   Code   RO         2207    .text.pvPortMalloc  heap_4.o
    0x080073c0   0x080073c0   0x00000024   Code   RO         2235    .text.pxPortInitialiseStack  port.o
    0x080073e4   0x080073e4   0x00000014   Code   RO         1490    .text.remote_control_init  remote.o
    0x080073f8   0x080073f8   0x000000c6   Code   RO         1428    .text.usart3_rx_dma_init  bsp_usart.o
    0x080074be   0x080074be   0x00000002   PAD
    0x080074c0   0x080074c0   0x00000024   Code   RO         1713    .text.uxListRemove  list.o
    0x080074e4   0x080074e4   0x0000001a   Code   RO         2190    .text.vApplicationGetIdleTaskMemory  cmsis_os2.o
    0x080074fe   0x080074fe   0x00000002   PAD
    0x08007500   0x08007500   0x0000001c   Code   RO         2192    .text.vApplicationGetTimerTaskMemory  cmsis_os2.o
    0x0800751c   0x0800751c   0x00000016   Code   RO         1705    .text.vListInitialise  list.o
    0x08007532   0x08007532   0x00000002   PAD
    0x08007534   0x08007534   0x00000006   Code   RO         1707    .text.vListInitialiseItem  list.o
    0x0800753a   0x0800753a   0x00000002   PAD
    0x0800753c   0x0800753c   0x0000003a   Code   RO         1711    .text.vListInsert   list.o
    0x08007576   0x08007576   0x00000002   PAD
    0x08007578   0x08007578   0x0000001c   Code   RO         1709    .text.vListInsertEnd  list.o
    0x08007594   0x08007594   0x00000014   Code   RO         2245    .text.vPortEnableVFP  port.o
    0x080075a8   0x080075a8   0x00000046   Code   RO         2251    .text.vPortEnterCritical  port.o
    0x080075ee   0x080075ee   0x00000002   PAD
    0x080075f0   0x080075f0   0x0000002e   Code   RO         2253    .text.vPortExitCritical  port.o
    0x0800761e   0x0800761e   0x00000002   PAD
    0x08007620   0x08007620   0x000000d2   Code   RO         2209    .text.vPortFree     heap_4.o
    0x080076f2   0x080076f2   0x00000002   PAD
    0x080076f4   0x080076f4   0x00000034   Code   RO         2243    .text.vPortSetupTimerInterrupt  port.o
    0x08007728   0x08007728   0x00000028   Code   RO         1783    .text.vQueueAddToRegistry  queue.o
    0x08007750   0x08007750   0x00000046   Code   RO         1787    .text.vQueueWaitForMessageRestricted  queue.o
    0x08007796   0x08007796   0x00000002   PAD
    0x08007798   0x08007798   0x000000a6   Code   RO         1864    .text.vTaskDelay    tasks.o
    0x0800783e   0x0800783e   0x00000002   PAD
    0x08007840   0x08007840   0x0000001a   Code   RO         1916    .text.vTaskInternalSetTimeOutState  tasks.o
    0x0800785a   0x0800785a   0x00000002   PAD
    0x0800785c   0x0800785c   0x0000000e   Code   RO         1920    .text.vTaskMissedYield  tasks.o
    0x0800786a   0x0800786a   0x00000002   PAD
    0x0800786c   0x0800786c   0x00000036   Code   RO         1904    .text.vTaskPlaceOnEventList  tasks.o
    0x080078a2   0x080078a2   0x00000002   PAD
    0x080078a4   0x080078a4   0x0000003e   Code   RO         1908    .text.vTaskPlaceOnEventListRestricted  tasks.o
    0x080078e2   0x080078e2   0x00000002   PAD
    0x080078e4   0x080078e4   0x000000a4   Code   RO         1882    .text.vTaskStartScheduler  tasks.o
    0x08007988   0x08007988   0x00000010   Code   RO         1858    .text.vTaskSuspendAll  tasks.o
    0x08007998   0x08007998   0x0000009a   Code   RO         1876    .text.vTaskSwitchContext  tasks.o
    0x08007a32   0x08007a32   0x00000002   PAD
    0x08007a34   0x08007a34   0x00000132   Code   RO         2241    .text.xPortStartScheduler  port.o
    0x08007b66   0x08007b66   0x00000002   PAD
    0x08007b68   0x08007b68   0x0000002e   Code   RO         2257    .text.xPortSysTickHandler  port.o
    0x08007b96   0x08007b96   0x00000002   PAD
    0x08007b98   0x08007b98   0x000000da   Code   RO         1725    .text.xQueueGenericCreateStatic  queue.o
    0x08007c72   0x08007c72   0x00000002   PAD
    0x08007c74   0x08007c74   0x00000212   Code   RO         1739    .text.xQueueGenericSend  queue.o
    0x08007e86   0x08007e86   0x00000002   PAD
    0x08007e88   0x08007e88   0x000001a8   Code   RO         1755    .text.xQueueReceive  queue.o
    0x08008030   0x08008030   0x0000008c   Code   RO         1918    .text.xTaskCheckForTimeOut  tasks.o
    0x080080bc   0x080080bc   0x000000dc   Code   RO         1852    .text.xTaskCreate   tasks.o
    0x08008198   0x08008198   0x000000e8   Code   RO         1848    .text.xTaskCreateStatic  tasks.o
    0x08008280   0x08008280   0x00000026   Code   RO         1932    .text.xTaskGetSchedulerState  tasks.o
    0x080082a6   0x080082a6   0x00000002   PAD
    0x080082a8   0x080082a8   0x0000000c   Code   RO         1890    .text.xTaskGetTickCount  tasks.o
    0x080082b4   0x080082b4   0x0000016e   Code   RO         1888    .text.xTaskIncrementTick  tasks.o
    0x08008422   0x08008422   0x00000002   PAD
    0x08008424   0x08008424   0x00000092   Code   RO         1936    .text.xTaskPriorityDisinherit  tasks.o
    0x080084b6   0x080084b6   0x00000002   PAD
    0x080084b8   0x080084b8   0x0000008e   Code   RO         1910    .text.xTaskRemoveFromEventList  tasks.o
    0x08008546   0x08008546   0x00000002   PAD
    0x08008548   0x08008548   0x00000134   Code   RO         1862    .text.xTaskResumeAll  tasks.o
    0x0800867c   0x0800867c   0x00000074   Code   RO         1987    .text.xTimerCreateTimerTask  timers.o
    0x080086f0   0x080086f0   0x00000030   Code   RO         2436    i.__ARM_fpclassify  m_wm.l(fpclassify.o)
    0x08008720   0x08008720   0x00000026   Code   RO         2368    i.__ARM_fpclassifyf  m_wm.l(fpclassifyf.o)
    0x08008746   0x08008746   0x00000002   PAD
    0x08008748   0x08008748   0x0000012c   Code   RO         2307    i.__hardfp_asinf    m_wm.l(asinf.o)
    0x08008874   0x08008874   0x000002ac   Code   RO         2313    i.__hardfp_atan2f   m_wm.l(atan2f.o)
    0x08008b20   0x08008b20   0x000000c8   Code   RO         2319    i.__hardfp_cos      m_wm.l(cos.o)
    0x08008be8   0x08008be8   0x000000c8   Code   RO         2325    i.__hardfp_sin      m_wm.l(sin.o)
    0x08008cb0   0x08008cb0   0x00000438   Code   RO         2384    i.__ieee754_rem_pio2  m_wm.l(rred.o)
    0x080090e8   0x080090e8   0x00000170   Code   RO         2351    i.__kernel_cos      m_wm.l(cos_i.o)
    0x08009258   0x08009258   0x000000f8   Code   RO         2438    i.__kernel_poly     m_wm.l(poly.o)
    0x08009350   0x08009350   0x00000130   Code   RO         2389    i.__kernel_sin      m_wm.l(sin_i.o)
    0x08009480   0x08009480   0x00000014   Code   RO         2355    i.__mathlib_dbl_infnan  m_wm.l(dunder.o)
    0x08009494   0x08009494   0x00000004   PAD
    0x08009498   0x08009498   0x00000020   Code   RO         2357    i.__mathlib_dbl_invalid  m_wm.l(dunder.o)
    0x080094b8   0x080094b8   0x00000020   Code   RO         2360    i.__mathlib_dbl_underflow  m_wm.l(dunder.o)
    0x080094d8   0x080094d8   0x00000006   Code   RO         2371    i.__mathlib_flt_infnan  m_wm.l(funder.o)
    0x080094de   0x080094de   0x00000006   Code   RO         2372    i.__mathlib_flt_infnan2  m_wm.l(funder.o)
    0x080094e4   0x080094e4   0x00000010   Code   RO         2373    i.__mathlib_flt_invalid  m_wm.l(funder.o)
    0x080094f4   0x080094f4   0x00000010   Code   RO         2376    i.__mathlib_flt_underflow  m_wm.l(funder.o)
    0x08009504   0x08009504   0x00000018   Code   RO         2432    i.fabs              m_wm.l(fabs.o)
    0x0800951c   0x0800951c   0x0000003e   Code   RO         2394    i.sqrtf             m_wm.l(sqrtf.o)
    0x0800955a   0x0800955a   0x00000018   Code   RO         2340    x$fpl$basic         fz_wm.l(basic.o)
    0x08009572   0x08009572   0x00000002   PAD
    0x08009574   0x08009574   0x00000062   Code   RO         2291    x$fpl$d2f           fz_wm.l(d2f.o)
    0x080095d6   0x080095d6   0x00000002   PAD
    0x080095d8   0x080095d8   0x00000150   Code   RO         2293    x$fpl$dadd          fz_wm.l(daddsub_clz.o)
    0x08009728   0x08009728   0x000002b4   Code   RO         2300    x$fpl$ddiv          fz_wm.l(ddiv.o)
    0x080099dc   0x080099dc   0x0000005e   Code   RO         2420    x$fpl$dfix          fz_wm.l(dfix.o)
    0x08009a3a   0x08009a3a   0x0000002e   Code   RO         2425    x$fpl$dflt          fz_wm.l(dflt_clz.o)
    0x08009a68   0x08009a68   0x00000026   Code   RO         2424    x$fpl$dfltu         fz_wm.l(dflt_clz.o)
    0x08009a8e   0x08009a8e   0x00000002   PAD
    0x08009a90   0x08009a90   0x00000154   Code   RO         2303    x$fpl$dmul          fz_wm.l(dmul.o)
    0x08009be4   0x08009be4   0x0000009c   Code   RO         2342    x$fpl$dnaninf       fz_wm.l(dnaninf.o)
    0x08009c80   0x08009c80   0x0000000c   Code   RO         2344    x$fpl$dretinf       fz_wm.l(dretinf.o)
    0x08009c8c   0x08009c8c   0x00000016   Code   RO         2294    x$fpl$drsb          fz_wm.l(daddsub_clz.o)
    0x08009ca2   0x08009ca2   0x00000002   PAD
    0x08009ca4   0x08009ca4   0x000001dc   Code   RO         2295    x$fpl$dsub          fz_wm.l(daddsub_clz.o)
    0x08009e80   0x08009e80   0x00000056   Code   RO         2305    x$fpl$f2d           fz_wm.l(f2d.o)
    0x08009ed6   0x08009ed6   0x0000008c   Code   RO         2346    x$fpl$fnaninf       fz_wm.l(fnaninf.o)
    0x08009f62   0x08009f62   0x0000001a   Code   RO         2529    x$fpl$fpinit        fz_wm.l(fpinit.o)
    0x08009f7c   0x08009f7c   0x0000000a   Code   RO         2348    x$fpl$fretinf       fz_wm.l(fretinf.o)
    0x08009f86   0x08009f86   0x00000000   Code   RO         2350    x$fpl$usenofp       fz_wm.l(usenofp.o)
    0x08009f86   0x08009f86   0x00000002   PAD
    0x08009f88   0x08009f88   0x00000030   Data   RO         2352    .constdata          m_wm.l(cos_i.o)
    0x08009fb8   0x08009fb8   0x000000cc   Data   RO         2386    .constdata          m_wm.l(rred.o)
    0x0800a084   0x0800a084   0x00000004   PAD
    0x0800a088   0x0800a088   0x00000028   Data   RO         2390    .constdata          m_wm.l(sin_i.o)
    0x0800a0b0   0x0800a0b0   0x00000010   Data   RO         1418    .rodata.AHBPrescTable  system_stm32f4xx.o
    0x0800a0c0   0x0800a0c0   0x00000008   Data   RO         1419    .rodata.APBPrescTable  system_stm32f4xx.o
    0x0800a0c8   0x0800a0c8   0x00000024   Data   RO          101    .rodata.ChassisTask_attributes  freertos.o
    0x0800a0ec   0x0800a0ec   0x00000024   Data   RO          100    .rodata.INSTask_attributes  freertos.o
    0x0800a110   0x0800a110   0x00000012   Data   RO         1597    .rodata.bmi088_accel_self_test.write_BMI088_ACCEL_self_test_Reg_Data_Error  bmi088driver.o
    0x0800a122   0x0800a122   0x00000008   Data   RO          518    .rodata.cst8        stm32f4xx_hal_dma.o
    0x0800a12a   0x0800a12a   0x00000002   PAD
    0x0800a12c   0x0800a12c   0x00000024   Data   RO           99    .rodata.defaultTask_attributes  freertos.o
    0x0800a150   0x0800a150   0x0000000c   Data   RO           43    .rodata.imu_temp_PID  ins_task.o
    0x0800a15c   0x0800a15c   0x00000020   Data   RO           98    .rodata.str1.1      freertos.o
    0x0800a17c   0x0800a17c   0x00000012   Data   RO         1595    .rodata.write_BMI088_accel_reg_data_error  bmi088driver.o
    0x0800a18e   0x0800a18e   0x00000012   Data   RO         1596    .rodata.write_BMI088_gyro_reg_data_error  bmi088driver.o
    0x0800a1a0   0x0800a1a0   0x00000020   Data   RO         2590    Region$$Table       anon$$obj.o


    Execution Region RW_IRAM1 (Exec base: 0x20000000, Load base: 0x0800a1c0, Size: 0x00005680, Max: 0x0001c000, ABSOLUTE)

    Exec Addr    Load Addr    Size         Type   Attr      Idx    E Section Name        Object

    0x20000000   0x0800a1c0   0x00000018   Data   RW           15    .data..L_MergedGlobals  chassis_task.o
    0x20000018   0x0800a1d8   0x0000002c   Data   RW           44    .data..L_MergedGlobals  ins_task.o
    0x20000044   0x0800a204   0x00000008   Data   RW          690    .data..L_MergedGlobals  stm32f4xx_hal.o
    0x2000004c   0x0800a20c   0x00000008   Data   RW         1598    .data..L_MergedGlobals  bmi088driver.o
    0x20000054   0x0800a214   0x00000004   Data   RW         1417    .data.SystemCoreClock  system_stm32f4xx.o
    0x20000058   0x0800a218   0x00000004   Data   RW         1658    .data.twoKp         mahonyahrs.o
    0x2000005c   0x0800a21c   0x00000004   Data   RW         2263    .data.uxCriticalNesting  port.o
    0x20000060        -       0x00000060   Zero   RW         2441    .bss                c_w.l(libspace.o)
    0x200000c0        -       0x0000000c   Zero   RW          102    .bss..L_MergedGlobals  freertos.o
    0x200000cc        -       0x00000008   Zero   RW         1461    .bss..L_MergedGlobals  bsp_delay.o
    0x200000d4        -       0x00000064   Zero   RW         1540    .bss..L_MergedGlobals  remote.o
    0x20000138        -       0x00000020   Zero   RW         1556    .bss..L_MergedGlobals  motor.o
    0x20000158        -       0x00000010   Zero   RW         1659    .bss..L_MergedGlobals  mahonyahrs.o
    0x20000168        -       0x0000007c   Zero   RW           16    .bss..L_MergedGlobals.1  chassis_task.o
    0x200001e4        -       0x00000058   Zero   RW           45    .bss..L_MergedGlobals.1  ins_task.o
    0x2000023c        -       0x00000004   Zero   RW          121    .bss.HAL_RCC_CAN1_CLK_ENABLED  can.o
    0x20000240        -       0x00000004   Zero   RW         2194    .bss.KernelState    cmsis_os2.o
    0x20000244        -       0x00000144   Zero   RW           14    .bss.chassis        chassis_task.o
    0x20000388        -       0x00000028   Zero   RW          119    .bss.hcan1          can.o
    0x200003b0        -       0x00000028   Zero   RW          120    .bss.hcan2          can.o
    0x200003d8        -       0x00000060   Zero   RW          161    .bss.hdma_spi1_rx   spi.o
    0x20000438        -       0x00000060   Zero   RW          162    .bss.hdma_spi1_tx   spi.o
    0x20000498        -       0x00000060   Zero   RW          198    .bss.hdma_usart3_rx  usart.o
    0x200004f8        -       0x00000054   Zero   RW          145    .bss.hi2c3          i2c.o
    0x2000054c        -       0x00000058   Zero   RW          160    .bss.hspi1          spi.o
    0x200005a4        -       0x00000048   Zero   RW          182    .bss.htim10         tim.o
    0x200005ec        -       0x00000048   Zero   RW          181    .bss.htim5          tim.o
    0x20000634        -       0x00000048   Zero   RW          257    .bss.htim6          stm32f4xx_hal_timebase_tim.o
    0x2000067c        -       0x00000044   Zero   RW          197    .bss.huart3         usart.o
    0x200006c0        -       0x00000048   Zero   RW           42    .bss.imu_temp_pid   ins_task.o
    0x20000708        -       0x00000028   Zero   RW         1555    .bss.motor_chassis  motor.o
    0x20000730        -       0x000000a0   Zero   RW         2035    .bss.prvCheckForValidListAndQueue.ucStaticTimerQueueStorage  timers.o
    0x200007d0        -       0x00000050   Zero   RW         2034    .bss.prvCheckForValidListAndQueue.xStaticTimerQueue  timers.o
    0x20000820        -       0x00000004   Zero   RW         2031    .bss.prvSampleTimeNow.xLastTime  timers.o
    0x20000824        -       0x00000004   Zero   RW         1958    .bss.pxCurrentTCB   tasks.o
    0x20000828        -       0x00000004   Zero   RW         2029    .bss.pxCurrentTimerList  timers.o
    0x2000082c        -       0x00000004   Zero   RW         1966    .bss.pxDelayedTaskList  tasks.o
    0x20000830        -       0x00000004   Zero   RW         2219    .bss.pxEnd          heap_4.o
    0x20000834        -       0x00000004   Zero   RW         1967    .bss.pxOverflowDelayedTaskList  tasks.o
    0x20000838        -       0x00000004   Zero   RW         2030    .bss.pxOverflowTimerList  timers.o
    0x2000083c        -       0x00000460   Zero   RW         1969    .bss.pxReadyTasksLists  tasks.o
    0x20000c9c        -       0x00003c00   Zero   RW         2226    .bss.ucHeap         heap_4.o
    0x2000489c        -       0x00000001   Zero   RW         2261    .bss.ucMaxSysCallPriority  port.o
    0x2000489d   0x0800a220   0x00000003   PAD
    0x200048a0        -       0x00000004   Zero   RW         2262    .bss.ulMaxPRIGROUPValue  port.o
    0x200048a4        -       0x00000004   Zero   RW          689    .bss.uwTick         stm32f4xx_hal.o
    0x200048a8        -       0x00000004   Zero   RW         1962    .bss.uxCurrentNumberOfTasks  tasks.o
    0x200048ac        -       0x00000004   Zero   RW         1961    .bss.uxDeletedTasksWaitingCleanUp  tasks.o
    0x200048b0        -       0x00000004   Zero   RW         1964    .bss.uxSchedulerSuspended  tasks.o
    0x200048b4        -       0x00000004   Zero   RW         1959    .bss.uxTaskNumber   tasks.o
    0x200048b8        -       0x00000004   Zero   RW         1970    .bss.uxTopReadyPriority  tasks.o
    0x200048bc        -       0x00000200   Zero   RW         2196    .bss.vApplicationGetIdleTaskMemory.Idle_Stack  cmsis_os2.o
    0x20004abc        -       0x0000005c   Zero   RW         2195    .bss.vApplicationGetIdleTaskMemory.Idle_TCB  cmsis_os2.o
    0x20004b18        -       0x00000400   Zero   RW         2198    .bss.vApplicationGetTimerTaskMemory.Timer_Stack  cmsis_os2.o
    0x20004f18        -       0x0000005c   Zero   RW         2197    .bss.vApplicationGetTimerTaskMemory.Timer_TCB  cmsis_os2.o
    0x20004f74        -       0x00000014   Zero   RW         2032    .bss.xActiveTimerList1  timers.o
    0x20004f88        -       0x00000014   Zero   RW         2033    .bss.xActiveTimerList2  timers.o
    0x20004f9c        -       0x00000001   Zero   RW         2220    .bss.xBlockAllocatedBit  heap_4.o
    0x20004f9d   0x0800a220   0x00000003   PAD
    0x20004fa0        -       0x00000014   Zero   RW         1977    .bss.xDelayedTaskList1  tasks.o
    0x20004fb4        -       0x00000014   Zero   RW         1978    .bss.xDelayedTaskList2  tasks.o
    0x20004fc8        -       0x00000004   Zero   RW         2221    .bss.xFreeBytesRemaining  heap_4.o
    0x20004fcc        -       0x00000004   Zero   RW         1972    .bss.xIdleTaskHandle  tasks.o
    0x20004fd0        -       0x00000004   Zero   RW         2223    .bss.xMinimumEverFreeBytesRemaining  heap_4.o
    0x20004fd4        -       0x00000004   Zero   RW         1973    .bss.xNextTaskUnblockTime  tasks.o
    0x20004fd8        -       0x00000004   Zero   RW         1976    .bss.xNumOfOverflows  tasks.o
    0x20004fdc        -       0x00000004   Zero   RW         2224    .bss.xNumberOfSuccessfulAllocations  heap_4.o
    0x20004fe0        -       0x00000004   Zero   RW         2225    .bss.xNumberOfSuccessfulFrees  heap_4.o
    0x20004fe4        -       0x00000004   Zero   RW         1975    .bss.xPendedTicks   tasks.o
    0x20004fe8        -       0x00000014   Zero   RW         1971    .bss.xPendingReadyList  tasks.o
    0x20004ffc        -       0x00000040   Zero   RW         1789    .bss.xQueueRegistry  queue.o
    0x2000503c        -       0x00000004   Zero   RW         1963    .bss.xSchedulerRunning  tasks.o
    0x20005040        -       0x00000008   Zero   RW         2222    .bss.xStart         heap_4.o
    0x20005048        -       0x00000014   Zero   RW         1968    .bss.xSuspendedTaskList  tasks.o
    0x2000505c        -       0x00000014   Zero   RW         1960    .bss.xTasksWaitingTermination  tasks.o
    0x20005070        -       0x00000004   Zero   RW         1965    .bss.xTickCount     tasks.o
    0x20005074        -       0x00000004   Zero   RW         2027    .bss.xTimerQueue    timers.o
    0x20005078        -       0x00000004   Zero   RW         2028    .bss.xTimerTaskHandle  timers.o
    0x2000507c        -       0x00000004   Zero   RW         1974    .bss.xYieldPending  tasks.o
    0x20005080        -       0x00000200   Zero   RW           54    HEAP                startup_stm32f407xx.o
    0x20005280        -       0x00000400   Zero   RW           53    STACK               startup_stm32f407xx.o


    Execution Region RW_IRAM2 (Exec base: 0x2001c000, Load base: 0x0800a220, Size: 0x00000000, Max: 0x00004000, ABSOLUTE)

    **** No section assigned to this execution region ****


==============================================================================

Image component sizes


      Code (inc. data)   RO Data    RW Data    ZI Data      Debug   Object Name

      3580         12         54          8          0      12020   bmi088driver.o
       118          0          0          0          0       3073   bmi088middleware.o
        98          0          0          0          0       3832   bsp_can.o
       134          0          0          0          8       2026   bsp_delay.o
        14          0          0          0          0        534   bsp_imu_pwm.o
      3246          0          0          0          0       3397   bsp_spi.o
       198          0          0          0          0       1370   bsp_usart.o
       426          0          0          0         84       6905   can.o
      1256         52          0         24        448       4989   chassis_task.o
       406          0          0          0       1724      41223   cmsis_os2.o
       108          0          0          0          0       3505   dma.o
        92          0        140          0         12       3313   freertos.o
       344          0          0          0          0       4369   gpio.o
       622          0          0          0      15389       5053   heap_4.o
       246          0          0          0         84       5521   i2c.o
      2150         20         12         44        160       7680   ins_task.o
       150          0          0          0          0       2225   list.o
      1576         16          0          4         16       5886   mahonyahrs.o
       308          0          0          0          0       6377   main.o
       224          0          0          0         72       4187   motor.o
       368          4          0          0          0       3484   pid.o
       802         16          0          4          5       4085   port.o
      1398          0          0          0         64      24165   queue.o
       476          0          0          0        100       5797   remote.o
       378          0          0          0        280       5500   spi.o
        64         26        392          0       1536        836   startup_stm32f407xx.o
       132          0          0          8          4       7310   stm32f4xx_hal.o
      1706          6          0          0          0      13840   stm32f4xx_hal_can.o
       152          0          0          0          0      10475   stm32f4xx_hal_cortex.o
       802          6          8          0          0      10742   stm32f4xx_hal_dma.o
       446          0          0          0          0       5339   stm32f4xx_hal_gpio.o
       356          0          0          0          0      54879   stm32f4xx_hal_i2c.o
        66          0          0          0          0       3533   stm32f4xx_hal_msp.o
      1544          0          0          0          0       7391   stm32f4xx_hal_rcc.o
      1196          0          0          0          0      27452   stm32f4xx_hal_spi.o
      2294          6          0          0          0      55488   stm32f4xx_hal_tim.o
       190          0          0          0          0      20994   stm32f4xx_hal_tim_ex.o
       188          0          0          0         72       7232   stm32f4xx_hal_timebase_tim.o
       332          0          0          0          0      31823   stm32f4xx_hal_uart.o
       120          0          0          0          0       6624   stm32f4xx_it.o
        18          0         24          4          0       2645   system_stm32f4xx.o
      2826          8          0          0       1280      40038   tasks.o
       424          0          0          0        144       9274   tim.o
      1168         26          0          0        300      17057   timers.o
       258          0          0          0        164       7145   usart.o

    ----------------------------------------------------------------------
     33224        198        664         96      21952     510633   Object Totals
         0          0         32          0          0          0   (incl. Generated)
       224          0          2          0          6          0   (incl. Padding)

    ----------------------------------------------------------------------

      Code (inc. data)   RO Data    RW Data    ZI Data      Debug   Library Member Name

         8          0          0          0          0         68   __main.o
         0          0          0          0          0          0   __rtentry.o
        12          0          0          0          0          0   __rtentry2.o
         6          0          0          0          0          0   __rtentry4.o
        94          8          0          0          0          0   __scatter.o
        26          0          0          0          0          0   __scatter_copy.o
        28          0          0          0          0          0   __scatter_zi.o
        22          0          0          0          0        100   _rserrno.o
        16          0          0          0          0         68   aeabi_memset4.o
        18          0          0          0          0         80   exit.o
         6          0          0          0          0        152   heapauxi.o
         0          0          0          0          0          0   indicate_semi.o
         2          0          0          0          0          0   libinit.o
         6          0          0          0          0          0   libinit2.o
         2          0          0          0          0          0   libshutdown.o
         2          0          0          0          0          0   libshutdown2.o
         8          4          0          0         96         68   libspace.o
       240          0          0          0          0        100   lludivv7m.o
         8          4          0          0          0         68   rt_errno_addr_intlibspace.o
        78          0          0          0          0         80   rt_memclr_w.o
       138          0          0          0          0         68   rt_memcpy_v6.o
       100          0          0          0          0         80   rt_memcpy_w.o
         2          0          0          0          0          0   rtexit.o
        10          0          0          0          0          0   rtexit2.o
        12          4          0          0          0         68   sys_exit.o
        74          0          0          0          0         80   sys_stackheap_outer.o
         2          0          0          0          0         68   use_no_semi.o
        24          0          0          0          0        164   basic.o
        98          4          0          0          0        140   d2f.o
       834         16          0          0          0        516   daddsub_clz.o
       692        140          0          0          0        264   ddiv.o
        94          4          0          0          0        140   dfix.o
        84          0          0          0          0        232   dflt_clz.o
       340         12          0          0          0        152   dmul.o
       156          4          0          0          0        140   dnaninf.o
        12          0          0          0          0        116   dretinf.o
        86          4          0          0          0        132   f2d.o
       140          4          0          0          0        132   fnaninf.o
        26          0          0          0          0        116   fpinit.o
        10          0          0          0          0        116   fretinf.o
         0          0          0          0          0          0   usenofp.o
       300         42          0          0          0        176   asinf.o
       684         90          0          0          0        208   atan2f.o
       200         20          0          0          0        164   cos.o
       368         46         48          0          0        200   cos_i.o
        84         16          0          0          0        372   dunder.o
        24          0          0          0          0        124   fabs.o
        48          0          0          0          0        124   fpclassify.o
        38          0          0          0          0        116   fpclassifyf.o
        44         12          0          0          0        464   funder.o
       248          0          0          0          0        152   poly.o
      1080        142        204          0          0        188   rred.o
       200         20          0          0          0        164   sin.o
       304         24         40          0          0        208   sin_i.o
        62          0          0          0          0        136   sqrtf.o

    ----------------------------------------------------------------------
      7224        620        296          0         96       6304   Library Totals
        24          0          4          0          0          0   (incl. Padding)

    ----------------------------------------------------------------------

      Code (inc. data)   RO Data    RW Data    ZI Data      Debug   Library Name

       920         20          0          0         96       1148   c_w.l
      2596        188          0          0          0       2360   fz_wm.l
      3684        412        292          0          0       2796   m_wm.l

    ----------------------------------------------------------------------
      7224        620        296          0         96       6304   Library Totals

    ----------------------------------------------------------------------

==============================================================================


      Code (inc. data)   RO Data    RW Data    ZI Data      Debug   

     40448        818        960         96      22048     512325   Grand Totals
     40448        818        960         96      22048     512325   ELF Image Totals
     40448        818        960         96          0          0   ROM Totals

==============================================================================

    Total RO  Size (Code + RO Data)                41408 (  40.44kB)
    Total RW  Size (RW Data + ZI Data)             22144 (  21.62kB)
    Total ROM Size (Code + RO Data + RW Data)      41504 (  40.53kB)

==============================================================================

